#
# A fatal error has been detected by the Java Runtime Environment:
#
#  Internal Error (jvmciRuntime.cpp:994), pid=12964, tid=29364
#  fatal error: Fatal error in JVMCI shared library JavaVM[23] owned by JVMCI runtime 2
#
# JRE version: Java(TM) SE Runtime Environment Oracle GraalVM 25.0.3+9.1 (25.0.3+9) (build 25.0.3+9-LTS-jvmci-b01)
# Java VM: Java HotSpot(TM) 64-Bit Server VM Oracle GraalVM 25.0.3+9.1 (25.0.3+9-LTS-jvmci-b01, mixed mode, sharing, tiered, jvmci, jvmci compiler, compressed oops, compressed class ptrs, g1 gc, windows-amd64)
# Problematic frame:
# V  [jvm.dll+0x5e3c21]
#
# No core dump will be written. Minidumps are not enabled by default on client versions of Windows
#
# If you would like to submit a bug report, please visit:
#   https://bugreport.java.com/bugreport/crash.jsp
#

---------------  S U M M A R Y ------------

Command Line: -XX:ThreadPriorityPolicy=1 -XX:+UnlockExperimentalVMOptions -XX:+EnableJVMCIProduct -XX:+EnableJVMCI -XX:-UnlockExperimentalVMOptions --add-opens=java.base/java.lang=ALL-UNNAMED --add-opens=java.base/java.lang.invoke=ALL-UNNAMED --add-opens=java.base/java.util=ALL-UNNAMED --add-opens=java.prefs/java.util.prefs=ALL-UNNAMED --add-exports=jdk.compiler/com.sun.tools.javac.api=ALL-UNNAMED --add-exports=jdk.compiler/com.sun.tools.javac.util=ALL-UNNAMED --add-opens=java.base/java.nio.charset=ALL-UNNAMED --add-opens=java.base/java.net=ALL-UNNAMED --add-opens=java.base/java.util.concurrent=ALL-UNNAMED --add-opens=java.base/java.util.concurrent.atomic=ALL-UNNAMED --add-opens=java.xml/javax.xml.namespace=ALL-UNNAMED --add-opens=java.base/java.time=ALL-UNNAMED --enable-native-access=ALL-UNNAMED -Xmx2G -Dfile.encoding=UTF-8 -Duser.country=TW -Duser.language=zh -Duser.variant -javaagent:C:\Users\uesr\.gradle\wrapper\dists\gradle-9.5.0-bin\bvnork1r7n8i6kp5cnkibsc9q\gradle-9.5.0\lib\agents\gradle-instrumentation-agent-9.5.0.jar org.gradle.launcher.daemon.bootstrap.GradleDaemon 9.5.0

Host: 11th Gen Intel(R) Core(TM) i5-11300H @ 3.10GHz, 8 cores, 11G,  Windows 11 , 64 bit Build 26100 (10.0.26100.8737)
Time: Thu Jul  9 19:37:09 2026 elapsed time: 119.453230 seconds (0d 0h 1m 59s)

---------------  T H R E A D  ---------------

Current thread (0x000001d7228e7540):  JavaThread "JVMCI-native CompilerThread0" daemon [_thread_in_native, id=29364, stack(0x000000d011000000,0x000000d011100000) (1024K)]


Current CompileTask:
JVMCI-native:119453 13455       4       org.gradle.cache.internal.btree.BTreePersistentIndexedCache$IndexBlock::write (87 bytes)

Stack: [0x000000d011000000,0x000000d011100000],  sp=0x000000d0110fdae0,  free space=1014k
Native frames: (J=compiled Java code, j=interpreted, Vv=VM code, C=native code)
V  [jvm.dll+0x5e3c21]  (no source info available)
C  [jvmcicompiler.dll+0x120e03f]  (no source info available)
C  [jvmcicompiler.dll+0x125d53b]  (no source info available)
C  [jvmcicompiler.dll+0x1f7515]  (no source info available)
C  [jvmcicompiler.dll+0x1f68ee]  (no source info available)
C  [jvmcicompiler.dll+0x1f62f8]  (no source info available)
C  [jvmcicompiler.dll+0x1f6025]  (no source info available)
C  [jvmcicompiler.dll+0x1f5e25]  (no source info available)
C  [jvmcicompiler.dll+0x1f7285]  (no source info available)
C  [jvmcicompiler.dll+0x8399ed]  (no source info available)
C  [jvmcicompiler.dll+0x3c09fe]  (no source info available)
C  [jvmcicompiler.dll+0x6d77b8]  (no source info available)
C  [jvmcicompiler.dll+0x8fc025]  (no source info available)
C  [jvmcicompiler.dll+0x94e5e5]  (no source info available)
C  [jvmcicompiler.dll+0x6de731]  (no source info available)
C  [jvmcicompiler.dll+0x75bb0f]  (no source info available)
C  [jvmcicompiler.dll+0x94de4b]  (no source info available)
C  [jvmcicompiler.dll+0x78eadb]  (no source info available)
C  [jvmcicompiler.dll+0x24ce85]  (no source info available)
C  [jvmcicompiler.dll+0xeabe4a]  (no source info available)
C  [jvmcicompiler.dll+0x9c033]  (no source info available)
V  [jvm.dll+0x5c4ca0]  (no source info available)
V  [jvm.dll+0x5c5894]  (no source info available)
V  [jvm.dll+0x5e44b9]  (no source info available)
V  [jvm.dll+0x2d22e4]  (no source info available)
V  [jvm.dll+0x2d07f5]  (no source info available)
V  [jvm.dll+0x4934d1]  (no source info available)
V  [jvm.dll+0x99ca1d]  (no source info available)
V  [jvm.dll+0x7ac845]  (no source info available)
C  [ucrtbase.dll+0x2cd30]  (no source info available)
C  [KERNEL32.DLL+0x2e957]  (no source info available)
C  [ntdll.dll+0xaad6c]  (no source info available)




Registers:
RAX=0x0000000000000017, RBX=0x0000000000000017, RCX=0x000001e7277c3c20, RDX=0x000001d701eb0000
RSP=0x000000d0110fdae0, RBP=0x000000d0110fdba0, RSI=0x000001d727080838, RDI=0x000001e7277c3c20
R8 =0x0000000000000000, R9 =0x0000000000000002, R10=0x00007ffdc4a73bd0, R11=0x000000d0110fda60
R12=0x00007ffdc098e02c, R13=0x0000000000000040, R14=0x000001d727000000, R15=0x000001ef2945a5c0
RIP=0x00007ffdc4a73c21, EFLAGS=0x0000000000010202

XMM[0]=0x0000000000000000 0x0000000300000000
XMM[1]=0x0000000000000000 0x0000000000000000
XMM[2]=0x0000000000000000 0x0000000000000000
XMM[3]=0x0000000000000000 0x0000000000000000
XMM[4]=0x0000000000000000 0x0000000000000000
XMM[5]=0x0000000000000000 0x0000000000000000
XMM[6]=0x0000000000000000 0x4049000000000000
XMM[7]=0x0000000000000000 0x4059000000000000
XMM[8]=0x0000000000000000 0x3fe27a9da4dac933
XMM[9]=0x0000000000000000 0x407cc00000000000
XMM[10]=0x0000000000000000 0x0000000000000001
XMM[11]=0x0000000000000000 0x403d000000000000
XMM[12]=0x0000000000000000 0x3fb0239e0d5b4502
XMM[13]=0x0000000000000000 0x0000000000000000
XMM[14]=0x0000000000000000 0x0000000000000000
XMM[15]=0x0000000000000000 0x0000000000000000
  MXCSR=0x00001fa3


Register to memory mapping:

RAX=0x0000000000000017 is an unknown value
RBX=0x0000000000000017 is an unknown value
RCX=0x000001e7277c3c20 points into unknown readable memory: 0x0000000000000002 | 02 00 00 00 00 00 00 00
RDX=0x000001d701eb0000 points into unknown readable memory: 0x0000000000000058 | 58 00 00 00 00 00 00 00
RSP=0x000000d0110fdae0 is pointing into the stack for thread: 0x000001d7228e7540
RBP=0x000000d0110fdba0 is pointing into the stack for thread: 0x000001d7228e7540
RSI=0x000001d727080838 points into unknown readable memory: 0x71aee07100882a58 | 58 2a 88 00 71 e0 ae 71
RDI=0x000001e7277c3c20 points into unknown readable memory: 0x0000000000000002 | 02 00 00 00 00 00 00 00
R8 =0x0 is null
R9 =0x0000000000000002 is an unknown value
R10=0x00007ffdc4a73bd0 jvm.dll
R11=0x000000d0110fda60 is pointing into the stack for thread: 0x000001d7228e7540
R12=0x00007ffdc098e02c jvmcicompiler.dll
R13=0x0000000000000040 is an unknown value
R14=0x000001d727000000 is an unknown value
R15=0x000001ef2945a5c0 points into unknown readable memory: 0x000001d727781cd0 | d0 1c 78 27 d7 01 00 00

Top of Stack: (sp=0x000000d0110fdae0)
0x000000d0110fdae0:   000001d727c42978 0000000027c42978   x).'....x).'....
0x000000d0110fdaf0:   000000d0110fdb10 00007ffdc503ffc0   ................
0x000000d0110fdb00:   00007ffd00000017 000001d700000002   ................
0x000000d0110fdb10:   0000000000000002 00007ffdc098e03f   ........?.......
0x000000d0110fdb20:   000000d0110fdb78 000001d7274fa8b0   x.........O'....
0x000000d0110fdb30:   000001d727b5c500 000001d727cd6970   ...'....pi.'....
0x000000d0110fdb40:   000001d727b5d798 000001d7274fb2b8   ...'......O'....
0x000000d0110fdb50:   000001d727c42978 000001d7275060b8   x).'.....`P'....
0x000000d0110fdb60:   000001d727b50458 000001d727bab9b8   X..'.......'....
0x000000d0110fdb70:   000001d7274f1340 000001d727b5b010   @.O'.......'....
0x000000d0110fdb80:   00007ffdc098e02c 000000d0110fdb20   ,....... .......
0x000000d0110fdb90:   0000000000000000 000218caaa1d6408   .........d......
0x000000d0110fdba0:   000000d0110fdbc0 00007ffdc09dd53b   ........;.......
0x000000d0110fdbb0:   00007ffdc0e5adc3 000000d0110fde60   ........`.......
0x000000d0110fdbc0:   000000d0110fdc30 00007ffdbf977515   0........u......
0x000000d0110fdbd0:   0000000000000000 000001d7274ec8b8   ..........N'....
0x000000d0110fdbe0:   000001d727000000 000001d727c484e0   ...'.......'....
0x000000d0110fdbf0:   000001d727732018 000e6403c49dff00   . s'.........d..
0x000000d0110fdc00:   000001d727c484e0 000001d727cbda68   ...'....h..'....
0x000000d0110fdc10:   000001d727456340 0000000000000000   @cE'............
0x000000d0110fdc20:   0000000000000000 000000d0110fde60   ........`.......
0x000000d0110fdc30:   000000d0110fdd20 00007ffdbf9768ee    ........h......
0x000000d0110fdc40:   000000d0110fdcc8 0000000000000003   ................
0x000000d0110fdc50:   00260129299e9f78 000001d729af5ea8   x..)).&..^.)....
0x000000d0110fdc60:   000001d729af5b28 000001d72762bd38   ([.)....8.b'....
0x000000d0110fdc70:   000001d7279d6098 000001d727c45fa8   .`.'....._.'....
0x000000d0110fdc80:   00197b4d894445db 000001d727cbda68   .ED.M{..h..'....
0x000000d0110fdc90:   000001d727babfd8 000001d727cfa350   ...'....P..'....
0x000000d0110fdca0:   000001d729b3e1e8 000001d728300948   ...)....H.0(....
0x000000d0110fdcb0:   000001d729b3e3d0 00567c7a29991450   ...)....P..)z|V.
0x000000d0110fdcc0:   000001d727456340 00567c3d000f0346   @cE'....F...=|V.
0x000000d0110fdcd0:   00007ffdbf976831 000000d0110fdc40   1h......@.......

Instructions: (pc=0x00007ffdc4a73c21)
  0x00007ffdc4a73b21:   44 8b c6 c7 83 d4 04 00 00 04 00 00 00 48 8b d5
  0x00007ffdc4a73b31:   48 8b 4f 20 48 8b 01 4c 8b 48 30 41 ff d1 80 3d
  0x00007ffdc4a73b41:   e4 c4 82 00 00 8b f8 c7 83 d4 04 00 00 06 00 00
  0x00007ffdc4a73b51:   00 75 06 e8 17 90 1b 00 90 48 8b 43 28 a8 01 74
  0x00007ffdc4a73b61:   0d 45 33 c0 b2 01 48 8b cb e8 b1 2c 23 00 8b 83
  0x00007ffdc4a73b71:   d0 04 00 00 c1 e8 03 a8 01 74 08 48 8b cb e8 1c
  0x00007ffdc4a73b81:   d6 ea ff 48 8b 6c 24 40 8b c7 48 8b 74 24 48 c7
  0x00007ffdc4a73b91:   83 d4 04 00 00 06 00 00 00 48 8b 5c 24 30 48 83
  0x00007ffdc4a73ba1:   c4 20 5f c3 48 8b 05 c4 e9 7b 00 4c 8d 0d 31 c9
  0x00007ffdc4a73bb1:   5c 00 4c 8d 05 36 c9 5c 00 ba 25 05 00 00 48 8d
  0x00007ffdc4a73bc1:   0d 9a be 5c 00 c6 00 58 e8 f2 c1 d1 ff cc cc 48
  0x00007ffdc4a73bd1:   89 5c 24 08 57 48 83 ec 30 e8 11 bb 3b 00 84 c0
  0x00007ffdc4a73be1:   74 6d e8 28 bb 3b 00 48 8b d8 48 85 c0 74 60 48
  0x00007ffdc4a73bf1:   8b 08 48 8b 51 30 48 8b c8 ff d2 84 c0 74 50 48
  0x00007ffdc4a73c01:   8b bb 20 05 00 00 48 85 ff 74 44 48 8b cf e8 6c
  0x00007ffdc4a73c11:   aa c5 ff 48 8b 15 55 e9 7b 00 48 8b cf 48 8b d8
=>0x00007ffdc4a73c21:   c6 02 58 e8 67 09 de ff 89 44 24 28 4c 8d 0d 8c
  0x00007ffdc4a73c31:   c3 5c 00 41 b8 e2 03 00 00 89 5c 24 20 48 8d 15
  0x00007ffdc4a73c41:   1b be 5c 00 b9 00 00 00 e0 e8 91 bf d1 ff cc e8
  0x00007ffdc4a73c51:   ab 1c 1c 00 48 8b 0d 14 e9 7b 00 4c 8d 0d ad c3
  0x00007ffdc4a73c61:   5c 00 41 b8 e6 03 00 00 48 89 44 24 20 48 8d 15
  0x00007ffdc4a73c71:   eb bd 5c 00 c6 01 58 b9 00 00 00 e0 e8 5e bf d1
  0x00007ffdc4a73c81:   ff cc cc cc cc cc cc cc cc cc cc cc cc cc cc e9
  0x00007ffdc4a73c91:   5b 96 f5 ff cc cc cc cc cc cc cc cc cc cc cc 48
  0x00007ffdc4a73ca1:   8b 0d e9 e1 7c 00 48 8b 01 48 ff 20 cc cc cc 4c
  0x00007ffdc4a73cb1:   8b c9 4c 8b c2 48 8b 0d d3 e1 7c 00 49 8b d1 48
  0x00007ffdc4a73cc1:   8b 01 48 ff 60 08 cc cc cc cc cc cc cc cc cc 48
  0x00007ffdc4a73cd1:   89 5c 24 10 57 48 83 ec 40 49 8b d8 49 8b f8 48
  0x00007ffdc4a73ce1:   c1 fb 05 4c 8b d2 4c 8b d9 48 81 fb ff ff ff 7f
  0x00007ffdc4a73cf1:   77 4c 41 8b 8a a0 00 00 00 8b c7 48 63 92 cc 00
  0x00007ffdc4a73d01:   00 00 83 e0 1f 2b ca 48 89 74 24 50 8b f0 48 03
  0x00007ffdc4a73d11:   c3 48 3b c1 49 8b ca 7f 54 4d 8b 42 60 44 8b ce


Stack slot to memory mapping:

stack at sp + 0 slots: 0x000001d727c42978 points into unknown readable memory: 0x000edf0f008052fa | fa 52 80 00 0f df 0e 00
stack at sp + 1 slots: 0x0000000027c42978 is an unknown value
stack at sp + 2 slots: 0x000000d0110fdb10 is pointing into the stack for thread: 0x000001d7228e7540
stack at sp + 3 slots: 0x00007ffdc503ffc0 jvm.dll
stack at sp + 4 slots: 0x00007ffd00000017 is an unknown value
stack at sp + 5 slots: 0x000001d700000002 points into unknown readable memory: 00 00 00 00 00 00
stack at sp + 6 slots: 0x0000000000000002 is an unknown value
stack at sp + 7 slots: 0x00007ffdc098e03f jvmcicompiler.dll

Lock stack of current Java thread (top to bottom):


---------------  P R O C E S S  ---------------

Threads class SMR info:
_java_thread_list=0x000001ef2991b110, length=61, elements={
0x000001d703f9f5d0, 0x000001d7228de270, 0x000001d7228df850, 0x000001d7228e1f30,
0x000001d7228e3d80, 0x000001d7228e4a70, 0x000001d7228e58b0, 0x000001d7228e7540,
0x000001d7228f3e20, 0x000001d722a63b90, 0x000001d722ad2da0, 0x000001e7276179a0,
0x000001d7008324c0, 0x000001d700840020, 0x000001d700b8c870, 0x000001d700b8ef80,
0x000001e727a51410, 0x000001e727a55290, 0x000001e727a55a60, 0x000001e72839c220,
0x000001e7277dc5f0, 0x000001e7277e1be0, 0x000001d700731200, 0x000001e7277ddd60,
0x000001e728830a20, 0x000001ef293ec360, 0x000001ef293e8cb0, 0x000001ef293eabf0,
0x000001ef293ea420, 0x000001ef293ee2a0, 0x000001ef293efa10, 0x000001d700b8b8d0,
0x000001d700b891c0, 0x000001d700b8b100, 0x000001d700b8a930, 0x000001d700b8dfe0,
0x000001e72882a490, 0x000001e72882c3d0, 0x000001e72882d370, 0x000001e728829cc0,
0x000001e72882db40, 0x000001e72882e310, 0x000001d7007367f0, 0x000001d700733140,
0x000001d700736fc0, 0x000001e728399340, 0x000001e727a52b80, 0x000001e7277ded00,
0x000001d7228f0a80, 0x000001ef29d5d720, 0x000001ef29d5b7e0, 0x000001ef29d5a070,
0x000001ef29d5cf50, 0x000001ef29d5fe30, 0x000001ef29d5e6c0, 0x000001ef29d60dd0,
0x000001ef297b4e00, 0x000001ef297b3690, 0x000001ef297b2ec0, 0x000001ef297b6d40,
0x000001ef297b7510
}

Java Threads: ( => current thread )
  0x000001d703f9f5d0 JavaThread "main"                              [_thread_blocked, id=26856, stack(0x000000d010200000,0x000000d010300000) (1024K)]
  0x000001d7228de270 JavaThread "Reference Handler"          daemon [_thread_blocked, id=6096, stack(0x000000d010a00000,0x000000d010b00000) (1024K)]
  0x000001d7228df850 JavaThread "Finalizer"                  daemon [_thread_blocked, id=2932, stack(0x000000d010b00000,0x000000d010c00000) (1024K)]
  0x000001d7228e1f30 JavaThread "Signal Dispatcher"          daemon [_thread_blocked, id=28680, stack(0x000000d010c00000,0x000000d010d00000) (1024K)]
  0x000001d7228e3d80 JavaThread "Attach Listener"            daemon [_thread_blocked, id=28744, stack(0x000000d010d00000,0x000000d010e00000) (1024K)]
  0x000001d7228e4a70 JavaThread "Service Thread"             daemon [_thread_blocked, id=29372, stack(0x000000d010e00000,0x000000d010f00000) (1024K)]
  0x000001d7228e58b0 JavaThread "Monitor Deflation Thread"   daemon [_thread_blocked, id=29360, stack(0x000000d010f00000,0x000000d011000000) (1024K)]
=>0x000001d7228e7540 JavaThread "JVMCI-native CompilerThread0" daemon [_thread_in_native, id=29364, stack(0x000000d011000000,0x000000d011100000) (1024K)]
  0x000001d7228f3e20 JavaThread "C1 CompilerThread0"         daemon [_thread_in_vm, id=29020, stack(0x000000d011100000,0x000000d011200000) (1024K)]
  0x000001d722a63b90 JavaThread "Common-Cleaner"             daemon [_thread_blocked, id=27844, stack(0x000000d011200000,0x000000d011300000) (1024K)]
  0x000001d722ad2da0 JavaThread "Notification Thread"        daemon [_thread_blocked, id=28312, stack(0x000000d011300000,0x000000d011400000) (1024K)]
  0x000001e7276179a0 JavaThread "Daemon health stats"               [_thread_blocked, id=30628, stack(0x000000d011800000,0x000000d011900000) (1024K)]
  0x000001d7008324c0 JavaThread "Incoming local TCP Connector on port 61295"        [_thread_in_native, id=27992, stack(0x000000d011900000,0x000000d011a00000) (1024K)]
  0x000001d700840020 JavaThread "Daemon periodic checks"            [_thread_blocked, id=4564, stack(0x000000d011a00000,0x000000d011b00000) (1024K)]
  0x000001d700b8c870 JavaThread "Cache worker for journal cache (C:\Users\uesr\.gradle\caches\journal-1)"        [_thread_blocked, id=16980, stack(0x000000d012200000,0x000000d012300000) (1024K)]
  0x000001d700b8ef80 JavaThread "File lock request listener"        [_thread_in_native, id=30672, stack(0x000000d012300000,0x000000d012400000) (1024K)]
  0x000001e727a51410 JavaThread "Cache worker for file hash cache (C:\Users\uesr\.gradle\caches\9.5.0\fileHashes)"        [_thread_blocked, id=14880, stack(0x000000d012800000,0x000000d012900000) (1024K)]
  0x000001e727a55290 JavaThread "File watcher server"        daemon [_thread_in_native, id=29344, stack(0x000000d012c00000,0x000000d012d00000) (1024K)]
  0x000001e727a55a60 JavaThread "File watcher consumer"      daemon [_thread_blocked, id=29416, stack(0x000000d012d00000,0x000000d012e00000) (1024K)]
  0x000001e72839c220 JavaThread "Cache worker for file content cache (C:\Users\uesr\.gradle\caches\9.5.0\fileContent)"        [_thread_blocked, id=29888, stack(0x000000d012e00000,0x000000d012f00000) (1024K)]
  0x000001e7277dc5f0 JavaThread "jar transforms"                    [_thread_blocked, id=27560, stack(0x000000d013300000,0x000000d013400000) (1024K)]
  0x000001e7277e1be0 JavaThread "jar transforms Thread 2"           [_thread_blocked, id=28592, stack(0x000000d013400000,0x000000d013500000) (1024K)]
  0x000001d700731200 JavaThread "jar transforms Thread 3"           [_thread_blocked, id=1620, stack(0x000000d013500000,0x000000d013600000) (1024K)]
  0x000001e7277ddd60 JavaThread "Memory manager"                    [_thread_blocked, id=13764, stack(0x000000d013f00000,0x000000d014000000) (1024K)]
  0x000001e728830a20 JavaThread "jar transforms Thread 4"           [_thread_blocked, id=23312, stack(0x000000d014000000,0x000000d014100000) (1024K)]
  0x000001ef293ec360 JavaThread "Daemon Thread 2"                   [_thread_blocked, id=28960, stack(0x000000d00ff00000,0x000000d010000000) (1024K)]
  0x000001ef293e8cb0 JavaThread "Handler for socket connection from /127.0.0.1:61295 to /127.0.0.1:64555"        [_thread_in_native, id=30216, stack(0x000000d010000000,0x000000d010100000) (1024K)]
  0x000001ef293eabf0 JavaThread "Cancel handler"                    [_thread_blocked, id=27704, stack(0x000000d010100000,0x000000d010200000) (1024K)]
  0x000001ef293ea420 JavaThread "Daemon worker Thread 2"            [_thread_blocked, id=12612, stack(0x000000d011b00000,0x000000d011c00000) (1024K)]
  0x000001ef293ee2a0 JavaThread "Asynchronous log dispatcher for DefaultDaemonConnection: socket connection from /127.0.0.1:61295 to /127.0.0.1:64555"        [_thread_blocked, id=30492, stack(0x000000d011d00000,0x000000d011e00000) (1024K)]
  0x000001ef293efa10 JavaThread "Stdin handler"                     [_thread_blocked, id=13576, stack(0x000000d011e00000,0x000000d011f00000) (1024K)]
  0x000001d700b8b8d0 JavaThread "Daemon client event forwarder"        [_thread_blocked, id=21032, stack(0x000000d011f00000,0x000000d012000000) (1024K)]
  0x000001d700b891c0 JavaThread "Cache worker for file hash cache (C:\Users\uesr\Downloads\meteor-stashhunting-addon-1.21.11\meteor-stashhunting-addon-1.21.11\.gradle\9.5.0\fileHashes)"        [_thread_blocked, id=30280, stack(0x000000d012000000,0x000000d012100000) (1024K)]
  0x000001d700b8b100 JavaThread "Cache worker for Build Output Cleanup Cache (C:\Users\uesr\Downloads\meteor-stashhunting-addon-1.21.11\meteor-stashhunting-addon-1.21.11\.gradle\buildOutputCleanup)"        [_thread_blocked, id=29468, stack(0x000000d012100000,0x000000d012200000) (1024K)]
  0x000001d700b8a930 JavaThread "Cache worker for checksums cache (C:\Users\uesr\Downloads\meteor-stashhunting-addon-1.21.11\meteor-stashhunting-addon-1.21.11\.gradle\9.5.0\checksums)"        [_thread_blocked, id=28764, stack(0x000000d012a00000,0x000000d012b00000) (1024K)]
  0x000001d700b8dfe0 JavaThread "Cache worker for cache directory md-supplier (C:\Users\uesr\.gradle\caches\9.5.0\md-supplier)"        [_thread_blocked, id=25624, stack(0x000000d012b00000,0x000000d012c00000) (1024K)]
  0x000001e72882a490 JavaThread "Cache worker for cache directory md-rule (C:\Users\uesr\.gradle\caches\9.5.0\md-rule)"        [_thread_blocked, id=29356, stack(0x000000d012f00000,0x000000d013000000) (1024K)]
  0x000001e72882c3d0 JavaThread "jar transforms Thread 5"           [_thread_blocked, id=28768, stack(0x000000d013000000,0x000000d013100000) (1024K)]
  0x000001e72882d370 JavaThread "Build operations"                  [_thread_blocked, id=28784, stack(0x000000d013100000,0x000000d013200000) (1024K)]
  0x000001e728829cc0 JavaThread "Build operations Thread 2"         [_thread_blocked, id=26248, stack(0x000000d013200000,0x000000d013300000) (1024K)]
  0x000001e72882db40 JavaThread "Build operations Thread 3"         [_thread_blocked, id=26544, stack(0x000000d013700000,0x000000d013800000) (1024K)]
  0x000001e72882e310 JavaThread "Build operations Thread 4"         [_thread_blocked, id=28240, stack(0x000000d013800000,0x000000d013900000) (1024K)]
  0x000001d7007367f0 JavaThread "Build operations Thread 5"         [_thread_blocked, id=28248, stack(0x000000d013900000,0x000000d013a00000) (1024K)]
  0x000001d700733140 JavaThread "Build operations Thread 6"         [_thread_blocked, id=7112, stack(0x000000d013a00000,0x000000d013b00000) (1024K)]
  0x000001d700736fc0 JavaThread "Build operations Thread 7"         [_thread_blocked, id=9728, stack(0x000000d013b00000,0x000000d013c00000) (1024K)]
  0x000001e728399340 JavaThread "Build operations Thread 8"         [_thread_blocked, id=10632, stack(0x000000d013c00000,0x000000d013d00000) (1024K)]
  0x000001e727a52b80 JavaThread "jar transforms Thread 6"           [_thread_blocked, id=28360, stack(0x000000d013d00000,0x000000d013e00000) (1024K)]
  0x000001e7277ded00 JavaThread "HttpClient-1-SelectorManager" daemon [_thread_in_native, id=23088, stack(0x000000d014200000,0x000000d014300000) (1024K)]
  0x000001d7228f0a80 JavaThread "VirtualThread-unblocker"    daemon [_thread_blocked, id=14780, stack(0x000000d014300000,0x000000d014400000) (1024K)]
  0x000001ef29d5d720 JavaThread "ForkJoinPool-1-worker-1"    daemon [_thread_blocked, id=21144, stack(0x000000d014400000,0x000000d014500000) (1024K)]
  0x000001ef29d5b7e0 JavaThread "ForkJoinPool-1-worker-2"    daemon [_thread_blocked, id=20084, stack(0x000000d014500000,0x000000d014600000) (1024K)]
  0x000001ef29d5a070 JavaThread "Unconstrained build operations"        [_thread_blocked, id=26128, stack(0x000000d014100000,0x000000d014200000) (1024K)]
  0x000001ef29d5cf50 JavaThread "Unconstrained build operations Thread 2"        [_thread_blocked, id=21104, stack(0x000000d014600000,0x000000d014700000) (1024K)]
  0x000001ef29d5fe30 JavaThread "Unconstrained build operations Thread 3"        [_thread_blocked, id=27824, stack(0x000000d014700000,0x000000d014800000) (1024K)]
  0x000001ef29d5e6c0 JavaThread "Unconstrained build operations Thread 4"        [_thread_blocked, id=6608, stack(0x000000d014800000,0x000000d014900000) (1024K)]
  0x000001ef29d60dd0 JavaThread "ForkJoinPool-1-worker-3"    daemon [_thread_blocked, id=13896, stack(0x000000d013e00000,0x000000d013f00000) (1024K)]
  0x000001ef297b4e00 JavaThread "ForkJoinPool-1-worker-6"    daemon [_thread_blocked, id=1256, stack(0x000000d014900000,0x000000d014a00000) (1024K)]
  0x000001ef297b3690 JavaThread "ForkJoinPool-1-worker-4"    daemon [_thread_blocked, id=27120, stack(0x000000d014a00000,0x000000d014b00000) (1024K)]
  0x000001ef297b2ec0 JavaThread "ForkJoinPool-1-worker-5"    daemon [_thread_blocked, id=26500, stack(0x000000d014b00000,0x000000d014c00000) (1024K)]
  0x000001ef297b6d40 JavaThread "ForkJoinPool-1-worker-7"    daemon [_thread_blocked, id=29788, stack(0x000000d014c00000,0x000000d014d00000) (1024K)]
  0x000001ef297b7510 JavaThread "ForkJoinPool-1-worker-8"    daemon [_thread_in_native, id=26452, stack(0x000000d014d00000,0x000000d014e00000) (1024K)]
Total: 61

Other Threads:
  0x000001d7228c7a00 VMThread "VM Thread"                           [id=28708, stack(0x000000d010900000,0x000000d010a00000) (1024K)]
  0x000001d7228b5be0 WatcherThread "VM Periodic Task Thread"        [id=30352, stack(0x000000d010800000,0x000000d010900000) (1024K)]
  0x000001d703ffc170 WorkerThread "GC Thread#0"                     [id=8120, stack(0x000000d010300000,0x000000d010400000) (1024K)]
  0x000001d700d92750 WorkerThread "GC Thread#1"                     [id=18320, stack(0x000000d011400000,0x000000d011500000) (1024K)]
  0x000001d700d92f90 WorkerThread "GC Thread#2"                     [id=23584, stack(0x000000d011500000,0x000000d011600000) (1024K)]
  0x000001d700d939d0 WorkerThread "GC Thread#3"                     [id=18368, stack(0x000000d011600000,0x000000d011700000) (1024K)]
  0x000001d700bb0090 WorkerThread "GC Thread#4"                     [id=21556, stack(0x000000d012400000,0x000000d012500000) (1024K)]
  0x000001d700baef50 WorkerThread "GC Thread#5"                     [id=29180, stack(0x000000d012500000,0x000000d012600000) (1024K)]
  0x000001d700bb1620 WorkerThread "GC Thread#6"                     [id=28104, stack(0x000000d012600000,0x000000d012700000) (1024K)]
  0x000001d700baf3a0 WorkerThread "GC Thread#7"                     [id=14656, stack(0x000000d012700000,0x000000d012800000) (1024K)]
  0x000001d704015250 ConcurrentGCThread "G1 Main Marker"            [id=25740, stack(0x000000d010400000,0x000000d010500000) (1024K)]
  0x000001d704015df0 WorkerThread "G1 Conc#0"                       [id=15124, stack(0x000000d010500000,0x000000d010600000) (1024K)]
  0x000001d700bb04e0 WorkerThread "G1 Conc#1"                       [id=30488, stack(0x000000d012900000,0x000000d012a00000) (1024K)]
  0x000001d70405e2e0 ConcurrentGCThread "G1 Refine#0"               [id=28788, stack(0x000000d010600000,0x000000d010700000) (1024K)]
  0x000001d72277f100 ConcurrentGCThread "G1 Service"                [id=21080, stack(0x000000d010700000,0x000000d010800000) (1024K)]
Total: 15

Threads with active compile tasks:
JVMCI-native CompilerThread0  120648 13455       4       org.gradle.cache.internal.btree.BTreePersistentIndexedCache$IndexBlock::write (87 bytes)
C1 CompilerThread0  120648 13487       1       java.net.URI::getRawAuthority (5 bytes)
Total: 2

VM state: not at safepoint (normal execution)

VM Mutex/Monitor currently owned by a thread:  ([mutex/lock_event])
[0x00007ffdc52cbd58] MethodCompileQueue_lock - owner thread: 0x000001d7228f3e20
[0x00007ffdc52cd1d8] CodeCache_lock - owner thread: 0x000001d7228f3e20
[0x00007ffdc52cd458] Compile_lock - owner thread: 0x000001d7228f3e20

Heap address: 0x0000000080000000, size: 2048 MB, Compressed Oops mode: 32-bit

CDS archive(s) mapped at: [0x0000000037000000-0x0000000037de0000-0x0000000037de0000), size 14548992, SharedBaseAddress: 0x0000000037000000, ArchiveRelocationMode: 1.
Compressed class space mapped at: 0x0000000038000000-0x0000000078000000, reserved size: 1073741824
UseCompressedClassPointers 1, UseCompactObjectHeaders 0
Narrow klass pointer bits 32, Max shift 3
Narrow klass base: 0x0000000037000000, Narrow klass shift: 0
Encoding Range: [0x0000000037000000 - 0x0000000137000000), (4294967296 bytes)
Klass Range:    [0x0000000037010000 - 0x0000000078000000), (1090453504 bytes)
Klass ID Range:  [65536 - 1090519033) (1090453497)
Protection zone: [0x0000000037000000 - 0x0000000037010000), (65536 bytes)

GC Precious Log:
 CardTable entry size: 512
 Card Set container configuration: InlinePtr #cards 5 size 8 Array Of Cards #cards 10 size 36 Howl #buckets 4 coarsen threshold 1843 Howl Bitmap #cards 512 size 80 coarsen threshold 460 Card regions per heap region 1 cards per card region 2048
 CPUs: 8 total, 8 available
 Memory: 12033M
 Large Page Support: Disabled
 NUMA Support: Disabled
 Compressed Oops: Enabled (32-bit)
 Heap Region Size: 1M
 Heap Min Capacity: 8M
 Heap Initial Capacity: 190M
 Heap Max Capacity: 2G
 Pre-touch: Disabled
 Parallel Workers: 8
 Concurrent Workers: 2
 Concurrent Refinement Workers: 8
 Periodic GC: Disabled

Heap:
 garbage-first heap   total reserved 2097152K, committed 122880K, used 90497K [0x0000000080000000, 0x0000000100000000)
  region size 1024K, 31 young (31744K), 5 survivors (5120K)

Heap Regions: E=young(eden), S=young(survivor), O=old, HS=humongous(starts), HC=humongous(continues), CS=collection set, F=free, TAMS=top-at-mark-start, PB=parsable bottom
|   0|0x0000000080000000, 0x0000000080100000, 0x0000000080100000|100%|HS|  |TAMS 0x0000000080000000| PB 0x0000000080000000| Complete |  0
|   1|0x0000000080100000, 0x0000000080200000, 0x0000000080200000|100%|HC|  |TAMS 0x0000000080100000| PB 0x0000000080100000| Complete |  0
|   2|0x0000000080200000, 0x0000000080300000, 0x0000000080300000|100%|HC|  |TAMS 0x0000000080200000| PB 0x0000000080200000| Complete |  0
|   3|0x0000000080300000, 0x0000000080400000, 0x0000000080400000|100%|HC|  |TAMS 0x0000000080300000| PB 0x0000000080300000| Complete |  0
|   4|0x0000000080400000, 0x0000000080500000, 0x0000000080500000|100%| O|  |TAMS 0x0000000080400000| PB 0x0000000080400000| Untracked |  0
|   5|0x0000000080500000, 0x0000000080600000, 0x0000000080600000|100%| O|  |TAMS 0x0000000080500000| PB 0x0000000080500000| Untracked |  0
|   6|0x0000000080600000, 0x0000000080700000, 0x0000000080700000|100%|HS|  |TAMS 0x0000000080600000| PB 0x0000000080600000| Complete |  0
|   7|0x0000000080700000, 0x0000000080800000, 0x0000000080800000|100%| O|  |TAMS 0x0000000080700000| PB 0x0000000080700000| Untracked |  0
|   8|0x0000000080800000, 0x0000000080900000, 0x0000000080900000|100%| O|  |TAMS 0x0000000080800000| PB 0x0000000080800000| Untracked |  0
|   9|0x0000000080900000, 0x0000000080a00000, 0x0000000080a00000|100%| O|  |TAMS 0x0000000080900000| PB 0x0000000080900000| Untracked |  0
|  10|0x0000000080a00000, 0x0000000080b00000, 0x0000000080b00000|100%| O|  |TAMS 0x0000000080a00000| PB 0x0000000080a00000| Untracked |  0
|  11|0x0000000080b00000, 0x0000000080c00000, 0x0000000080c00000|100%| O|  |TAMS 0x0000000080b00000| PB 0x0000000080b00000| Untracked |  0
|  12|0x0000000080c00000, 0x0000000080d00000, 0x0000000080d00000|100%| O|  |TAMS 0x0000000080c00000| PB 0x0000000080c00000| Untracked |  0
|  13|0x0000000080d00000, 0x0000000080e00000, 0x0000000080e00000|100%| O|  |TAMS 0x0000000080d00000| PB 0x0000000080d00000| Untracked |  0
|  14|0x0000000080e00000, 0x0000000080f00000, 0x0000000080f00000|100%| O|  |TAMS 0x0000000080e00000| PB 0x0000000080e00000| Untracked |  0
|  15|0x0000000080f00000, 0x0000000081000000, 0x0000000081000000|100%| O|  |TAMS 0x0000000080f00000| PB 0x0000000080f00000| Untracked |  0
|  16|0x0000000081000000, 0x0000000081100000, 0x0000000081100000|100%| O|  |TAMS 0x0000000081000000| PB 0x0000000081000000| Untracked |  0
|  17|0x0000000081100000, 0x0000000081200000, 0x0000000081200000|100%| O|  |TAMS 0x0000000081100000| PB 0x0000000081100000| Untracked |  0
|  18|0x0000000081200000, 0x0000000081300000, 0x0000000081300000|100%| O|  |TAMS 0x0000000081200000| PB 0x0000000081200000| Untracked |  0
|  19|0x0000000081300000, 0x0000000081400000, 0x0000000081400000|100%| O|  |TAMS 0x0000000081300000| PB 0x0000000081300000| Untracked |  0
|  20|0x0000000081400000, 0x0000000081500000, 0x0000000081500000|100%| O|  |TAMS 0x0000000081400000| PB 0x0000000081400000| Untracked |  0
|  21|0x0000000081500000, 0x0000000081600000, 0x0000000081600000|100%| O|  |TAMS 0x0000000081500000| PB 0x0000000081500000| Untracked |  0
|  22|0x0000000081600000, 0x0000000081700000, 0x0000000081700000|100%| O|  |TAMS 0x0000000081600000| PB 0x0000000081600000| Untracked |  0
|  23|0x0000000081700000, 0x0000000081800000, 0x0000000081800000|100%| O|  |TAMS 0x0000000081700000| PB 0x0000000081700000| Untracked |  0
|  24|0x0000000081800000, 0x0000000081900000, 0x0000000081900000|100%| O|  |TAMS 0x0000000081800000| PB 0x0000000081800000| Untracked |  0
|  25|0x0000000081900000, 0x0000000081a00000, 0x0000000081a00000|100%| O|  |TAMS 0x0000000081900000| PB 0x0000000081900000| Untracked |  0
|  26|0x0000000081a00000, 0x0000000081b00000, 0x0000000081b00000|100%| O|  |TAMS 0x0000000081a00000| PB 0x0000000081a00000| Untracked |  0
|  27|0x0000000081b00000, 0x0000000081c00000, 0x0000000081c00000|100%| O|  |TAMS 0x0000000081b00000| PB 0x0000000081b00000| Untracked |  0
|  28|0x0000000081c00000, 0x0000000081d00000, 0x0000000081d00000|100%| O|  |TAMS 0x0000000081c00000| PB 0x0000000081c00000| Untracked |  0
|  29|0x0000000081d00000, 0x0000000081e00000, 0x0000000081e00000|100%| O|  |TAMS 0x0000000081d00000| PB 0x0000000081d00000| Untracked |  0
|  30|0x0000000081e00000, 0x0000000081f00000, 0x0000000081f00000|100%| O|  |TAMS 0x0000000081e00000| PB 0x0000000081e00000| Untracked |  0
|  31|0x0000000081f00000, 0x0000000082000000, 0x0000000082000000|100%| O|  |TAMS 0x0000000081f00000| PB 0x0000000081f00000| Untracked |  0
|  32|0x0000000082000000, 0x0000000082100000, 0x0000000082100000|100%| O|  |TAMS 0x0000000082000000| PB 0x0000000082000000| Untracked |  0
|  33|0x0000000082100000, 0x0000000082200000, 0x0000000082200000|100%| O|  |TAMS 0x0000000082100000| PB 0x0000000082100000| Untracked |  0
|  34|0x0000000082200000, 0x0000000082300000, 0x0000000082300000|100%| O|  |TAMS 0x0000000082200000| PB 0x0000000082200000| Untracked |  0
|  35|0x0000000082300000, 0x0000000082400000, 0x0000000082400000|100%| O|  |TAMS 0x0000000082300000| PB 0x0000000082300000| Untracked |  0
|  36|0x0000000082400000, 0x0000000082500000, 0x0000000082500000|100%| O|  |TAMS 0x0000000082400000| PB 0x0000000082400000| Untracked |  0
|  37|0x0000000082500000, 0x0000000082600000, 0x0000000082600000|100%| O|  |TAMS 0x0000000082500000| PB 0x0000000082500000| Untracked |  0
|  38|0x0000000082600000, 0x0000000082700000, 0x0000000082700000|100%| O|  |TAMS 0x0000000082600000| PB 0x0000000082600000| Untracked |  0
|  39|0x0000000082700000, 0x0000000082800000, 0x0000000082800000|100%| O|  |TAMS 0x0000000082700000| PB 0x0000000082700000| Untracked |  0
|  40|0x0000000082800000, 0x0000000082900000, 0x0000000082900000|100%| O|  |TAMS 0x0000000082800000| PB 0x0000000082800000| Untracked |  0
|  41|0x0000000082900000, 0x0000000082a00000, 0x0000000082a00000|100%| O|Cm|TAMS 0x0000000082900000| PB 0x0000000082900000| Complete |  0
|  42|0x0000000082a00000, 0x0000000082b00000, 0x0000000082b00000|100%| O|Cm|TAMS 0x0000000082a00000| PB 0x0000000082a00000| Complete |  0
|  43|0x0000000082b00000, 0x0000000082c00000, 0x0000000082c00000|100%|HS|  |TAMS 0x0000000082b00000| PB 0x0000000082b00000| Complete |  0
|  44|0x0000000082c00000, 0x0000000082d00000, 0x0000000082d00000|100%| O|  |TAMS 0x0000000082c00000| PB 0x0000000082c00000| Untracked |  0
|  45|0x0000000082d00000, 0x0000000082e00000, 0x0000000082e00000|100%| O|  |TAMS 0x0000000082d00000| PB 0x0000000082d00000| Untracked |  0
|  46|0x0000000082e00000, 0x0000000082f00000, 0x0000000082f00000|100%| O|  |TAMS 0x0000000082e00000| PB 0x0000000082e00000| Untracked |  0
|  47|0x0000000082f00000, 0x0000000083000000, 0x0000000083000000|100%| O|  |TAMS 0x0000000082f00000| PB 0x0000000082f00000| Untracked |  0
|  48|0x0000000083000000, 0x0000000083100000, 0x0000000083100000|100%| O|  |TAMS 0x0000000083000000| PB 0x0000000083000000| Untracked |  0
|  49|0x0000000083100000, 0x0000000083200000, 0x0000000083200000|100%| O|  |TAMS 0x0000000083100000| PB 0x0000000083100000| Untracked |  0
|  50|0x0000000083200000, 0x0000000083300000, 0x0000000083300000|100%| O|  |TAMS 0x0000000083200000| PB 0x0000000083200000| Untracked |  0
|  51|0x0000000083300000, 0x0000000083400000, 0x0000000083400000|100%| O|  |TAMS 0x0000000083300000| PB 0x0000000083300000| Untracked |  0
|  52|0x0000000083400000, 0x0000000083500000, 0x0000000083500000|100%| O|  |TAMS 0x0000000083400000| PB 0x0000000083400000| Untracked |  0
|  53|0x0000000083500000, 0x0000000083600000, 0x0000000083600000|100%| O|  |TAMS 0x0000000083500000| PB 0x0000000083500000| Untracked |  0
|  54|0x0000000083600000, 0x0000000083700000, 0x0000000083700000|100%| O|  |TAMS 0x0000000083600000| PB 0x0000000083600000| Untracked |  0
|  55|0x0000000083700000, 0x0000000083800000, 0x0000000083800000|100%| O|  |TAMS 0x0000000083700000| PB 0x0000000083700000| Untracked |  0
|  56|0x0000000083800000, 0x0000000083900000, 0x0000000083900000|100%| O|  |TAMS 0x0000000083800000| PB 0x0000000083800000| Untracked |  0
|  57|0x0000000083900000, 0x0000000083a00000, 0x0000000083a00000|100%| O|  |TAMS 0x0000000083900000| PB 0x0000000083900000| Untracked |  0
|  58|0x0000000083a00000, 0x0000000083a687b8, 0x0000000083b00000| 40%| O|  |TAMS 0x0000000083a00000| PB 0x0000000083a00000| Untracked |  0
|  59|0x0000000083b00000, 0x0000000083bf7e90, 0x0000000083c00000| 96%| S|CS|TAMS 0x0000000083b00000| PB 0x0000000083b00000| Complete |  0
|  60|0x0000000083c00000, 0x0000000083d00000, 0x0000000083d00000|100%| S|CS|TAMS 0x0000000083c00000| PB 0x0000000083c00000| Complete |  0
|  61|0x0000000083d00000, 0x0000000083e00000, 0x0000000083e00000|100%| S|CS|TAMS 0x0000000083d00000| PB 0x0000000083d00000| Complete |  0
|  62|0x0000000083e00000, 0x0000000083f00000, 0x0000000083f00000|100%| S|CS|TAMS 0x0000000083e00000| PB 0x0000000083e00000| Complete |  0
|  63|0x0000000083f00000, 0x0000000083f00000, 0x0000000084000000|  0%| F|  |TAMS 0x0000000083f00000| PB 0x0000000083f00000| Untracked |  0
|  64|0x0000000084000000, 0x0000000084000000, 0x0000000084100000|  0%| F|  |TAMS 0x0000000084000000| PB 0x0000000084000000| Untracked |  0
|  65|0x0000000084100000, 0x0000000084100000, 0x0000000084200000|  0%| F|  |TAMS 0x0000000084100000| PB 0x0000000084100000| Untracked |  0
|  66|0x0000000084200000, 0x0000000084200000, 0x0000000084300000|  0%| F|  |TAMS 0x0000000084200000| PB 0x0000000084200000| Untracked |  0
|  67|0x0000000084300000, 0x0000000084300000, 0x0000000084400000|  0%| F|  |TAMS 0x0000000084300000| PB 0x0000000084300000| Untracked |  0
|  68|0x0000000084400000, 0x0000000084500000, 0x0000000084500000|100%| S|CS|TAMS 0x0000000084400000| PB 0x0000000084400000| Complete |  0
|  69|0x0000000084500000, 0x0000000084500000, 0x0000000084600000|  0%| F|  |TAMS 0x0000000084500000| PB 0x0000000084500000| Untracked |  0
|  70|0x0000000084600000, 0x0000000084600000, 0x0000000084700000|  0%| F|  |TAMS 0x0000000084600000| PB 0x0000000084600000| Untracked |  0
|  71|0x0000000084700000, 0x0000000084700000, 0x0000000084800000|  0%| F|  |TAMS 0x0000000084700000| PB 0x0000000084700000| Untracked |  0
|  72|0x0000000084800000, 0x0000000084800000, 0x0000000084900000|  0%| F|  |TAMS 0x0000000084800000| PB 0x0000000084800000| Untracked |  0
|  73|0x0000000084900000, 0x0000000084900000, 0x0000000084a00000|  0%| F|  |TAMS 0x0000000084900000| PB 0x0000000084900000| Untracked |  0
|  74|0x0000000084a00000, 0x0000000084a00000, 0x0000000084b00000|  0%| F|  |TAMS 0x0000000084a00000| PB 0x0000000084a00000| Untracked |  0
|  75|0x0000000084b00000, 0x0000000084b00000, 0x0000000084c00000|  0%| F|  |TAMS 0x0000000084b00000| PB 0x0000000084b00000| Untracked |  0
|  76|0x0000000084c00000, 0x0000000084c00000, 0x0000000084d00000|  0%| F|  |TAMS 0x0000000084c00000| PB 0x0000000084c00000| Untracked |  0
|  77|0x0000000084d00000, 0x0000000084d00000, 0x0000000084e00000|  0%| F|  |TAMS 0x0000000084d00000| PB 0x0000000084d00000| Untracked |  0
|  78|0x0000000084e00000, 0x0000000084e00000, 0x0000000084f00000|  0%| F|  |TAMS 0x0000000084e00000| PB 0x0000000084e00000| Untracked |  0
|  79|0x0000000084f00000, 0x0000000084f00000, 0x0000000085000000|  0%| F|  |TAMS 0x0000000084f00000| PB 0x0000000084f00000| Untracked |  0
|  80|0x0000000085000000, 0x0000000085000000, 0x0000000085100000|  0%| F|  |TAMS 0x0000000085000000| PB 0x0000000085000000| Untracked |  0
|  81|0x0000000085100000, 0x0000000085100000, 0x0000000085200000|  0%| F|  |TAMS 0x0000000085100000| PB 0x0000000085100000| Untracked |  0
|  82|0x0000000085200000, 0x0000000085200000, 0x0000000085300000|  0%| F|  |TAMS 0x0000000085200000| PB 0x0000000085200000| Untracked |  0
|  83|0x0000000085300000, 0x0000000085300000, 0x0000000085400000|  0%| F|  |TAMS 0x0000000085300000| PB 0x0000000085300000| Untracked |  0
|  84|0x0000000085400000, 0x0000000085400000, 0x0000000085500000|  0%| F|  |TAMS 0x0000000085400000| PB 0x0000000085400000| Untracked |  0
|  85|0x0000000085500000, 0x0000000085500000, 0x0000000085600000|  0%| F|  |TAMS 0x0000000085500000| PB 0x0000000085500000| Untracked |  0
|  86|0x0000000085600000, 0x0000000085600000, 0x0000000085700000|  0%| F|  |TAMS 0x0000000085600000| PB 0x0000000085600000| Untracked |  0
|  87|0x0000000085700000, 0x0000000085700000, 0x0000000085800000|  0%| F|  |TAMS 0x0000000085700000| PB 0x0000000085700000| Untracked |  0
|  88|0x0000000085800000, 0x0000000085800000, 0x0000000085900000|  0%| F|  |TAMS 0x0000000085800000| PB 0x0000000085800000| Untracked |  0
|  89|0x0000000085900000, 0x0000000085900000, 0x0000000085a00000|  0%| F|  |TAMS 0x0000000085900000| PB 0x0000000085900000| Untracked |  0
|  90|0x0000000085a00000, 0x0000000085a00000, 0x0000000085b00000|  0%| F|  |TAMS 0x0000000085a00000| PB 0x0000000085a00000| Untracked |  0
|  91|0x0000000085b00000, 0x0000000085b00000, 0x0000000085c00000|  0%| F|  |TAMS 0x0000000085b00000| PB 0x0000000085b00000| Untracked |  0
|  92|0x0000000085c00000, 0x0000000085c00000, 0x0000000085d00000|  0%| F|  |TAMS 0x0000000085c00000| PB 0x0000000085c00000| Untracked |  0
|  93|0x0000000085d00000, 0x0000000085de0e30, 0x0000000085e00000| 87%| E|  |TAMS 0x0000000085d00000| PB 0x0000000085d00000| Complete |  0
|  94|0x0000000085e00000, 0x0000000085f00000, 0x0000000085f00000|100%| E|CS|TAMS 0x0000000085e00000| PB 0x0000000085e00000| Complete |  0
|  95|0x0000000085f00000, 0x0000000086000000, 0x0000000086000000|100%| E|CS|TAMS 0x0000000085f00000| PB 0x0000000085f00000| Complete |  0
|  96|0x0000000086000000, 0x0000000086100000, 0x0000000086100000|100%| E|CS|TAMS 0x0000000086000000| PB 0x0000000086000000| Complete |  0
|  97|0x0000000086100000, 0x0000000086200000, 0x0000000086200000|100%| E|CS|TAMS 0x0000000086100000| PB 0x0000000086100000| Complete |  0
|  98|0x0000000086200000, 0x0000000086300000, 0x0000000086300000|100%| E|CS|TAMS 0x0000000086200000| PB 0x0000000086200000| Complete |  0
|  99|0x0000000086300000, 0x0000000086400000, 0x0000000086400000|100%| E|  |TAMS 0x0000000086300000| PB 0x0000000086300000| Complete |  0
| 100|0x0000000086400000, 0x0000000086500000, 0x0000000086500000|100%| E|CS|TAMS 0x0000000086400000| PB 0x0000000086400000| Complete |  0
| 101|0x0000000086500000, 0x0000000086600000, 0x0000000086600000|100%| E|CS|TAMS 0x0000000086500000| PB 0x0000000086500000| Complete |  0
| 102|0x0000000086600000, 0x0000000086700000, 0x0000000086700000|100%| E|CS|TAMS 0x0000000086600000| PB 0x0000000086600000| Complete |  0
| 103|0x0000000086700000, 0x0000000086800000, 0x0000000086800000|100%| E|CS|TAMS 0x0000000086700000| PB 0x0000000086700000| Complete |  0
| 104|0x0000000086800000, 0x0000000086900000, 0x0000000086900000|100%| E|CS|TAMS 0x0000000086800000| PB 0x0000000086800000| Complete |  0
| 105|0x0000000086900000, 0x0000000086a00000, 0x0000000086a00000|100%| E|CS|TAMS 0x0000000086900000| PB 0x0000000086900000| Complete |  0
| 106|0x0000000086a00000, 0x0000000086b00000, 0x0000000086b00000|100%| E|CS|TAMS 0x0000000086a00000| PB 0x0000000086a00000| Complete |  0
| 107|0x0000000086b00000, 0x0000000086c00000, 0x0000000086c00000|100%| E|CS|TAMS 0x0000000086b00000| PB 0x0000000086b00000| Complete |  0
| 108|0x0000000086c00000, 0x0000000086d00000, 0x0000000086d00000|100%| E|CS|TAMS 0x0000000086c00000| PB 0x0000000086c00000| Complete |  0
| 109|0x0000000086d00000, 0x0000000086e00000, 0x0000000086e00000|100%| E|CS|TAMS 0x0000000086d00000| PB 0x0000000086d00000| Complete |  0
| 110|0x0000000086e00000, 0x0000000086f00000, 0x0000000086f00000|100%| E|CS|TAMS 0x0000000086e00000| PB 0x0000000086e00000| Complete |  0
| 111|0x0000000086f00000, 0x0000000087000000, 0x0000000087000000|100%| E|CS|TAMS 0x0000000086f00000| PB 0x0000000086f00000| Complete |  0
| 112|0x0000000087000000, 0x0000000087100000, 0x0000000087100000|100%| E|CS|TAMS 0x0000000087000000| PB 0x0000000087000000| Complete |  0
| 113|0x0000000087100000, 0x0000000087200000, 0x0000000087200000|100%| E|CS|TAMS 0x0000000087100000| PB 0x0000000087100000| Complete |  0
| 151|0x0000000089700000, 0x0000000089800000, 0x0000000089800000|100%| E|CS|TAMS 0x0000000089700000| PB 0x0000000089700000| Complete |  0
| 152|0x0000000089800000, 0x0000000089900000, 0x0000000089900000|100%| E|CS|TAMS 0x0000000089800000| PB 0x0000000089800000| Complete |  0
| 153|0x0000000089900000, 0x0000000089a00000, 0x0000000089a00000|100%| E|CS|TAMS 0x0000000089900000| PB 0x0000000089900000| Complete |  0
| 189|0x000000008bd00000, 0x000000008be00000, 0x000000008be00000|100%| E|CS|TAMS 0x000000008bd00000| PB 0x000000008bd00000| Complete |  0
|2046|0x00000000ffe00000, 0x00000000fff00000, 0x00000000fff00000|100%| O|  |TAMS 0x00000000ffe00000| PB 0x00000000ffe00000| Untracked |  0
|2047|0x00000000fff00000, 0x0000000100000000, 0x0000000100000000|100%| E|CS|TAMS 0x00000000fff00000| PB 0x00000000fff00000| Complete |  0

Card table byte_map: [0x000001d71da60000,0x000001d71de60000] _byte_map_base: 0x000001d71d660000

Marking Bits: (CMBitMap*) 0x000001d703ffc900
 Bits: [0x000001d71de60000, 0x000001d71fe60000)

Polling page: 0x000001d701ec0000

Metaspace:
Metaspace        used 80420K, committed 82624K, reserved 1179648K
 class space     used 11430K, committed 12480K, reserved 1048576K

Usage:
  Non-class:     67.37 MB used.
      Class:     11.16 MB used.
       Both:     78.54 MB used.

Virtual space:
  Non-class space:      128.00 MB reserved,      68.50 MB ( 54%) committed,  2 nodes.
      Class space:        1.00 GB reserved,      12.19 MB (  1%) committed,  1 nodes.
             Both:        1.12 GB reserved,      80.69 MB (  7%) committed. 

Chunk freelists:
   Non-Class:  11.38 MB
       Class:  3.78 MB
        Both:  15.16 MB

MaxMetaspaceSize: unlimited
CompressedClassSpaceSize: 1.00 GB
Initial GC threshold: 21.00 MB
Current GC threshold: 124.62 MB
CDS: on
 - commit_granule_bytes: 65536.
 - commit_granule_words: 8192.
 - virtual_space_node_default_size: 8388608.
 - enlarge_chunks_in_place: 1.
UseCompressedClassPointers 1, UseCompactObjectHeaders 0
Narrow klass pointer bits 32, Max shift 3
Narrow klass base: 0x0000000037000000, Narrow klass shift: 0
Encoding Range: [0x0000000037000000 - 0x0000000137000000), (4294967296 bytes)
Klass Range:    [0x0000000037010000 - 0x0000000078000000), (1090453504 bytes)
Klass ID Range:  [65536 - 1090519033) (1090453497)
Protection zone: [0x0000000037000000 - 0x0000000037010000), (65536 bytes)


Internal statistics:

num_allocs_failed_limit: 8.
num_arena_births: 3906.
num_arena_deaths: 6.
num_vsnodes_births: 3.
num_vsnodes_deaths: 0.
num_space_committed: 1291.
num_space_uncommitted: 0.
num_chunks_returned_to_freelist: 16.
num_chunks_taken_from_freelist: 7331.
num_chunk_merges: 3.
num_chunk_splits: 4750.
num_chunks_enlarged: 3005.
num_inconsistent_stats: 0.

CodeHeap 'non-profiled nmethods': size=119808Kb used=5248Kb max_used=5248Kb free=114560Kb
 bounds [0x000001d715e20000, 0x000001d716340000, 0x000001d71d320000]
CodeHeap 'profiled nmethods': size=119744Kb used=25596Kb max_used=25596Kb free=94147Kb
 bounds [0x000001d70e320000, 0x000001d70fc20000, 0x000001d715810000]
CodeHeap 'non-nmethods': size=6208Kb used=2340Kb max_used=2917Kb free=3867Kb
 bounds [0x000001d715810000, 0x000001d715b00000, 0x000001d715e20000]
CodeCache: size=245760Kb, used=33184Kb, max_used=33761Kb, free=212574Kb
 total_blobs=12413, nmethods=11498, adapters=797, full_count=0
Compilation: enabled, stopped_count=0, restarted_count=0

JVMCI Events (20 events):
Event: 106.712 Thread 0x000001e72788f160 initializing JVMCI runtime 0
Event: 106.712 Thread 0x000001e72788f160 done waiting for JavaVM references initialization in JVMCI runtime 0
Event: 106.713 Thread 0x000001e72788f160 initialized JVMCI runtime 0
Event: 107.510 Thread 0x000001e72788f160 detaching from JVMCI runtime 0: stopping idle compiler thread (0 other threads still attached)
Event: 107.510 Thread 0x000001e72788f160 shutting down HotSpotJVMCIRuntime for JVMCI runtime 0
Event: 107.510 Thread 0x000001e72788f160 shut down JVMCI runtime 0
Event: 107.514 Thread 0x000001e72788f160 destroyed JavaVM[22]@0x000001ef2acd60a8 for JVMCI runtime 0
Event: 107.514 Thread 0x000001e72788f160 releasing handles for JVMCI runtime 0: oop handles=122, metadata handles={total=498, live=487, blocks=58}
Event: 107.514 Thread 0x000001e72788f160 detached from JVMCI runtime 0
Event: 114.005 Thread 0x000001d7228e7540 detaching from JVMCI runtime 2: releasing idle compiler thread (0 other threads still attached)
Event: 114.005 Thread 0x000001d7228e7540 shutting down HotSpotJVMCIRuntime for JVMCI runtime 2
Event: 114.005 Thread 0x000001d7228e7540 shut down JVMCI runtime 2
Event: 114.010 Thread 0x000001d7228e7540 destroyed JavaVM[21]@0x000001d7279d60a8 for JVMCI runtime 2
Event: 114.010 Thread 0x000001d7228e7540 releasing handles for JVMCI runtime 2: oop handles=265, metadata handles={total=1664, live=1385, blocks=52}
Event: 114.010 Thread 0x000001d7228e7540 detached from JVMCI runtime 2
Event: 114.010 Thread 0x000001d7228e7540 attached to JVMCI runtime 2
Event: 114.011 Thread 0x000001d7228e7540 created JavaVM[23]@0x000001d7279d60a8 for JVMCI runtime 2
Event: 114.011 Thread 0x000001d7228e7540 initializing JVMCI runtime 2
Event: 114.011 Thread 0x000001d7228e7540 done waiting for JavaVM references initialization in JVMCI runtime 2
Event: 114.011 Thread 0x000001d7228e7540 initialized JVMCI runtime 2

Compilation events (20 events):
Event: 117.731 Thread 0x000001d7228f3e20 13472       3       jdk.internal.vm.ContinuationSupport::unpinIfSupported (10 bytes)
Event: 117.731 Thread 0x000001d7228f3e20 nmethod 13472 0x000001d70fc1aa08 code [0x000001d70fc1ab00, 0x000001d70fc1ac78]
Event: 117.734 Thread 0x000001d7228f3e20 13473       3       java.security.SecureClassLoader::getProtectionDomain (37 bytes)
Event: 117.735 Thread 0x000001d7228f3e20 nmethod 13473 0x000001d70fc1ad08 code [0x000001d70fc1ae00, 0x000001d70fc1b740]
Event: 117.738 Thread 0x000001d7228f3e20 13474       1       java.lang.Thread::setThreadContainer (6 bytes)
Event: 117.738 Thread 0x000001d7228f3e20 nmethod 13474 0x000001d71633eb08 code [0x000001d71633ec00, 0x000001d71633ed10]
Event: 117.742 Thread 0x000001d7228f3e20 13475       3       sun.nio.ch.IOUtil::read (14 bytes)
Event: 117.743 Thread 0x000001d7228f3e20 nmethod 13475 0x000001d70fc1b788 code [0x000001d70fc1b880, 0x000001d70fc1b9a0]
Event: 117.747 Thread 0x000001d7228f3e20 13476       3       java.net.URI::getPath (31 bytes)
Event: 117.747 Thread 0x000001d7228f3e20 nmethod 13476 0x000001d70fc1ba88 code [0x000001d70fc1bb80, 0x000001d70fc1bdd8]
Event: 117.747 Thread 0x000001d7228f3e20 13477       3       jdk.nio.zipfs.ZipFileSystem::ensureOpen (16 bytes)
Event: 117.747 Thread 0x000001d7228f3e20 nmethod 13477 0x000001d70fc1be08 code [0x000001d70fc1bf00, 0x000001d70fc1c108]
Event: 117.752 Thread 0x000001d7228f3e20 13479       3       jdk.nio.zipfs.ZipFileSystem::checkExtraFields (151 bytes)
Event: 117.753 Thread 0x000001d7228f3e20 nmethod 13479 0x000001d70fc1c188 code [0x000001d70fc1c280, 0x000001d70fc1e4b0]
Event: 117.757 Thread 0x000001d7228f3e20 13480       1       java.lang.VirtualThread::setCarrierThread (6 bytes)
Event: 117.757 Thread 0x000001d7228f3e20 nmethod 13480 0x000001d71633f708 code [0x000001d71633f800, 0x000001d71633f920]
Event: 117.757 Thread 0x000001d7228f3e20 13483       1       java.lang.Thread::setContinuation (6 bytes)
Event: 117.757 Thread 0x000001d7228f3e20 nmethod 13483 0x000001d71633fa08 code [0x000001d71633fb00, 0x000001d71633fc10]
Event: 118.785 Thread 0x000001d7228f3e20 13484       3       jdk.nio.zipfs.ZipFileSystem::endRead (15 bytes)
Event: 118.785 Thread 0x000001d7228f3e20 nmethod 13484 0x000001d70fc1e508 code [0x000001d70fc1e600, 0x000001d70fc1ed00]

GC Heap Usage History (20 events):
Event: 24.258 {heap Before GC invocations=18 (full 0):
 garbage-first heap   total reserved 2097152K, committed 95232K, used 85375K [0x0000000080000000, 0x0000000100000000)
  region size 1024K, 36 young (36864K), 4 survivors (4096K)
}
Event: 24.263 {heap After GC invocations=19 (full 0):
 garbage-first heap   total reserved 2097152K, committed 95232K, used 54074K [0x0000000080000000, 0x0000000100000000)
  region size 1024K, 1 young (1024K), 1 survivors (1024K)
}
Event: 24.643 {heap Before GC invocations=19 (full 0):
 garbage-first heap   total reserved 2097152K, committed 95232K, used 86842K [0x0000000080000000, 0x0000000100000000)
  region size 1024K, 33 young (33792K), 1 survivors (1024K)
}
Event: 24.648 {heap After GC invocations=20 (full 0):
 garbage-first heap   total reserved 2097152K, committed 95232K, used 55634K [0x0000000080000000, 0x0000000100000000)
  region size 1024K, 3 young (3072K), 3 survivors (3072K)
}
Event: 25.178 {heap Before GC invocations=20 (full 0):
 garbage-first heap   total reserved 2097152K, committed 95232K, used 86354K [0x0000000080000000, 0x0000000100000000)
  region size 1024K, 33 young (33792K), 3 survivors (3072K)
}
Event: 25.181 {heap After GC invocations=21 (full 0):
 garbage-first heap   total reserved 2097152K, committed 95232K, used 55661K [0x0000000080000000, 0x0000000100000000)
  region size 1024K, 3 young (3072K), 3 survivors (3072K)
}
Event: 25.674 {heap Before GC invocations=22 (full 0):
 garbage-first heap   total reserved 2097152K, committed 96256K, used 86381K [0x0000000080000000, 0x0000000100000000)
  region size 1024K, 34 young (34816K), 3 survivors (3072K)
}
Event: 25.677 {heap After GC invocations=23 (full 0):
 garbage-first heap   total reserved 2097152K, committed 96256K, used 55459K [0x0000000080000000, 0x0000000100000000)
  region size 1024K, 3 young (3072K), 3 survivors (3072K)
}
Event: 26.400 {heap Before GC invocations=23 (full 0):
 garbage-first heap   total reserved 2097152K, committed 96256K, used 88227K [0x0000000080000000, 0x0000000100000000)
  region size 1024K, 35 young (35840K), 3 survivors (3072K)
}
Event: 26.407 {heap After GC invocations=24 (full 0):
 garbage-first heap   total reserved 2097152K, committed 96256K, used 57496K [0x0000000080000000, 0x0000000100000000)
  region size 1024K, 4 young (4096K), 4 survivors (4096K)
}
Event: 27.061 {heap Before GC invocations=24 (full 0):
 garbage-first heap   total reserved 2097152K, committed 96256K, used 88216K [0x0000000080000000, 0x0000000100000000)
  region size 1024K, 35 young (35840K), 4 survivors (4096K)
}
Event: 27.066 {heap After GC invocations=25 (full 0):
 garbage-first heap   total reserved 2097152K, committed 96256K, used 58676K [0x0000000080000000, 0x0000000100000000)
  region size 1024K, 4 young (4096K), 4 survivors (4096K)
}
Event: 27.320 {heap Before GC invocations=26 (full 0):
 garbage-first heap   total reserved 2097152K, committed 101376K, used 88372K [0x0000000080000000, 0x0000000100000000)
  region size 1024K, 33 young (33792K), 4 survivors (4096K)
}
Event: 27.323 {heap After GC invocations=27 (full 0):
 garbage-first heap   total reserved 2097152K, committed 121856K, used 59908K [0x0000000080000000, 0x0000000100000000)
  region size 1024K, 3 young (3072K), 3 survivors (3072K)
}
Event: 104.591 {heap Before GC invocations=27 (full 0):
 garbage-first heap   total reserved 2097152K, committed 121856K, used 113156K [0x0000000080000000, 0x0000000100000000)
  region size 1024K, 56 young (57344K), 3 survivors (3072K)
}
Event: 104.608 {heap After GC invocations=28 (full 0):
 garbage-first heap   total reserved 2097152K, committed 122880K, used 62237K [0x0000000080000000, 0x0000000100000000)
  region size 1024K, 6 young (6144K), 6 survivors (6144K)
}
Event: 105.186 {heap Before GC invocations=28 (full 0):
 garbage-first heap   total reserved 2097152K, committed 122880K, used 113437K [0x0000000080000000, 0x0000000100000000)
  region size 1024K, 56 young (57344K), 6 survivors (6144K)
}
Event: 105.195 {heap After GC invocations=29 (full 0):
 garbage-first heap   total reserved 2097152K, committed 122880K, used 63321K [0x0000000080000000, 0x0000000100000000)
  region size 1024K, 5 young (5120K), 5 survivors (5120K)
}
Event: 107.752 {heap Before GC invocations=30 (full 0):
 garbage-first heap   total reserved 2097152K, committed 122880K, used 112473K [0x0000000080000000, 0x0000000100000000)
  region size 1024K, 55 young (56320K), 5 survivors (5120K)
}
Event: 107.761 {heap After GC invocations=31 (full 0):
 garbage-first heap   total reserved 2097152K, committed 122880K, used 65921K [0x0000000080000000, 0x0000000100000000)
  region size 1024K, 5 young (5120K), 5 survivors (5120K)
}

Metaspace Usage History (20 events):
Event: 24.258 {metaspace Before GC invocations=18 (full 0):
 Metaspace       used 65599K, committed 67456K, reserved 1114112K
  class space    used 9428K, committed 10304K, reserved 1048576K
}
Event: 24.263 {metaspace After GC invocations=19 (full 0):
 Metaspace       used 65599K, committed 67456K, reserved 1114112K
  class space    used 9428K, committed 10304K, reserved 1048576K
}
Event: 24.643 {metaspace Before GC invocations=19 (full 0):
 Metaspace       used 65802K, committed 67648K, reserved 1114112K
  class space    used 9428K, committed 10304K, reserved 1048576K
}
Event: 24.648 {metaspace After GC invocations=20 (full 0):
 Metaspace       used 65802K, committed 67648K, reserved 1114112K
  class space    used 9428K, committed 10304K, reserved 1048576K
}
Event: 25.178 {metaspace Before GC invocations=20 (full 0):
 Metaspace       used 65876K, committed 67712K, reserved 1114112K
  class space    used 9428K, committed 10304K, reserved 1048576K
}
Event: 25.181 {metaspace After GC invocations=21 (full 0):
 Metaspace       used 65876K, committed 67712K, reserved 1114112K
  class space    used 9428K, committed 10304K, reserved 1048576K
}
Event: 25.674 {metaspace Before GC invocations=22 (full 0):
 Metaspace       used 65987K, committed 67776K, reserved 1114112K
  class space    used 9449K, committed 10304K, reserved 1048576K
}
Event: 25.677 {metaspace After GC invocations=23 (full 0):
 Metaspace       used 65987K, committed 67776K, reserved 1114112K
  class space    used 9449K, committed 10304K, reserved 1048576K
}
Event: 26.400 {metaspace Before GC invocations=23 (full 0):
 Metaspace       used 68564K, committed 70528K, reserved 1114112K
  class space    used 9883K, committed 10816K, reserved 1048576K
}
Event: 26.407 {metaspace After GC invocations=24 (full 0):
 Metaspace       used 68564K, committed 70528K, reserved 1114112K
  class space    used 9883K, committed 10816K, reserved 1048576K
}
Event: 27.061 {metaspace Before GC invocations=24 (full 0):
 Metaspace       used 71163K, committed 73216K, reserved 1114112K
  class space    used 10314K, committed 11264K, reserved 1048576K
}
Event: 27.066 {metaspace After GC invocations=25 (full 0):
 Metaspace       used 71163K, committed 73216K, reserved 1114112K
  class space    used 10314K, committed 11264K, reserved 1048576K
}
Event: 27.320 {metaspace Before GC invocations=26 (full 0):
 Metaspace       used 71721K, committed 73664K, reserved 1114112K
  class space    used 10403K, committed 11328K, reserved 1048576K
}
Event: 27.323 {metaspace After GC invocations=27 (full 0):
 Metaspace       used 71721K, committed 73664K, reserved 1114112K
  class space    used 10403K, committed 11328K, reserved 1048576K
}
Event: 104.591 {metaspace Before GC invocations=27 (full 0):
 Metaspace       used 73846K, committed 75968K, reserved 1114112K
  class space    used 10646K, committed 11648K, reserved 1048576K
}
Event: 104.608 {metaspace After GC invocations=28 (full 0):
 Metaspace       used 73846K, committed 75968K, reserved 1114112K
  class space    used 10646K, committed 11648K, reserved 1048576K
}
Event: 105.186 {metaspace Before GC invocations=28 (full 0):
 Metaspace       used 74161K, committed 76288K, reserved 1114112K
  class space    used 10656K, committed 11712K, reserved 1048576K
}
Event: 105.195 {metaspace After GC invocations=29 (full 0):
 Metaspace       used 74161K, committed 76288K, reserved 1114112K
  class space    used 10656K, committed 11712K, reserved 1048576K
}
Event: 107.753 {metaspace Before GC invocations=30 (full 0):
 Metaspace       used 78263K, committed 80512K, reserved 1179648K
  class space    used 11198K, committed 12224K, reserved 1048576K
}
Event: 107.761 {metaspace After GC invocations=31 (full 0):
 Metaspace       used 78263K, committed 80512K, reserved 1179648K
  class space    used 11198K, committed 12224K, reserved 1048576K
}

Dll operation events (15 events):
Event: 0.033 Loaded shared library C:\Program Files\graalvm-jdk-25.0.3+9.1\bin\java.dll
Event: 0.132 Loaded shared library C:\Program Files\graalvm-jdk-25.0.3+9.1\bin\jvmcicompiler.dll
Event: 0.186 Loaded shared library C:\Program Files\graalvm-jdk-25.0.3+9.1\bin\zip.dll
Event: 0.199 Loaded shared library C:\Program Files\graalvm-jdk-25.0.3+9.1\bin\instrument.dll
Event: 0.207 Loaded shared library C:\Program Files\graalvm-jdk-25.0.3+9.1\bin\net.dll
Event: 0.210 Loaded shared library C:\Program Files\graalvm-jdk-25.0.3+9.1\bin\nio.dll
Event: 0.217 Loaded shared library C:\Program Files\graalvm-jdk-25.0.3+9.1\bin\zip.dll
Event: 1.109 Loaded shared library C:\Program Files\graalvm-jdk-25.0.3+9.1\bin\jimage.dll
Event: 1.831 Loaded shared library C:\Program Files\graalvm-jdk-25.0.3+9.1\bin\verify.dll
Event: 1.880 Loaded shared library C:\Users\uesr\.gradle\native\660c5614fbf4a5f2a75b1949f50a0caf5cd603558e7d8a26e50b933a0cfb79d1\windows-amd64\native-platform.dll
Event: 1.905 Loaded shared library C:\Users\uesr\.gradle\native\0.2.8\x86_64-windows-gnu\gradle-fileevents.dll
Event: 5.132 Loaded shared library C:\Program Files\graalvm-jdk-25.0.3+9.1\bin\management.dll
Event: 5.135 Loaded shared library C:\Program Files\graalvm-jdk-25.0.3+9.1\bin\management_ext.dll
Event: 5.497 Loaded shared library C:\Program Files\graalvm-jdk-25.0.3+9.1\bin\extnet.dll
Event: 5.937 Loaded shared library C:\Program Files\graalvm-jdk-25.0.3+9.1\bin\sunmscapi.dll

Deoptimization events (20 events):
Event: 110.999 Thread 0x000001ef293ea420 DEOPT PACKING pc=0x000001d716327c89 sp=0x000000d011bf61d0
Event: 110.999 Thread 0x000001ef293ea420 DEOPT UNPACKING pc=0x000001d715864403 sp=0x000000d011bf5608 mode 3
Event: 111.305 Thread 0x000001e7277ddd60 DEOPT PACKING pc=0x000001d70ebf6fdc sp=0x000000d013fff0d0
Event: 111.305 Thread 0x000001e7277ddd60 DEOPT UNPACKING pc=0x000001d715864403 sp=0x000000d013ffe5a8 mode 0
Event: 115.223 Thread 0x000001d700736fc0 DEOPT PACKING pc=0x000001d70f5993c4 sp=0x000000d013bfc8b0
Event: 115.223 Thread 0x000001d700736fc0 DEOPT UNPACKING pc=0x000001d715864403 sp=0x000000d013bfbe38 mode 0
Event: 115.842 Thread 0x000001d700840020 DEOPT PACKING pc=0x000001d70ebf6fdc sp=0x000000d011aff370
Event: 115.842 Thread 0x000001d700840020 DEOPT UNPACKING pc=0x000001d715864403 sp=0x000000d011afe848 mode 0
Event: 117.732 Thread 0x000001ef293ea420 Uncommon trap: trap_request=0xffffffcd fr.pc=0x000001d7160bcf0a relative=0x000000000000100a
Event: 117.732 Thread 0x000001ef293ea420 Uncommon trap: reason=intrinsic_or_type_checked_inlining action=reinterpret pc=0x000001d7160bcf0a method=java.util.stream.ReferencePipeline.collect(Ljava/util/stream/Collector;)Ljava/lang/Object; @ 0 jvmci
Event: 117.732 Thread 0x000001ef293ea420 DEOPT PACKING pc=0x000001d7160bcf0a sp=0x000000d011bf9010
Event: 117.732 Thread 0x000001ef293ea420 DEOPT UNPACKING pc=0x000001d715864403 sp=0x000000d011bf84e8 mode 3
Event: 117.732 Thread 0x000001ef293ea420 Uncommon trap: trap_request=0xffffffcd fr.pc=0x000001d716263ab6 relative=0x0000000000000236
Event: 117.732 Thread 0x000001ef293ea420 Uncommon trap: reason=intrinsic_or_type_checked_inlining action=reinterpret pc=0x000001d716263ab6 method=java.util.stream.ReduceOps.makeRef(Ljava/util/stream/Collector;)Ljava/util/stream/TerminalOp; @ 0 jvmci
Event: 117.732 Thread 0x000001ef293ea420 DEOPT PACKING pc=0x000001d716263ab6 sp=0x000000d011bf8fc0
Event: 117.732 Thread 0x000001ef293ea420 DEOPT UNPACKING pc=0x000001d715864403 sp=0x000000d011bf8460 mode 3
Event: 117.742 Thread 0x000001ef29d5b7e0 Uncommon trap: trap_request=0xffffffed fr.pc=0x000001d7162f3ef2 relative=0x00000000000001f2
Event: 117.742 Thread 0x000001ef29d5b7e0 Uncommon trap: reason=null_assert_or_unreached0 action=reinterpret pc=0x000001d7162f3ef2 method=sun.nio.ch.NativeThreadSet.add()I @ 0 jvmci
Event: 117.742 Thread 0x000001ef29d5b7e0 DEOPT PACKING pc=0x000001d7162f3ef2 sp=0x000000d0145fe000
Event: 117.742 Thread 0x000001ef29d5b7e0 DEOPT UNPACKING pc=0x000001d715864403 sp=0x000000d0145fd468 mode 3

Classes loaded (20 events):
Event: 110.473 Loading class com/sun/org/apache/xerces/internal/dom/DeferredTextImpl
Event: 110.473 Loading class com/sun/org/apache/xerces/internal/dom/TextImpl
Event: 110.474 Loading class org/w3c/dom/CharacterData
Event: 110.474 Loading class org/w3c/dom/CharacterData done
Event: 110.474 Loading class org/w3c/dom/Text
Event: 110.474 Loading class org/w3c/dom/Text done
Event: 110.474 Loading class com/sun/org/apache/xerces/internal/dom/CharacterDataImpl
Event: 110.474 Loading class com/sun/org/apache/xerces/internal/dom/CharacterDataImpl done
Event: 110.474 Loading class com/sun/org/apache/xerces/internal/dom/TextImpl done
Event: 110.474 Loading class com/sun/org/apache/xerces/internal/dom/DeferredTextImpl done
Event: 110.474 Loading class com/sun/org/apache/xerces/internal/dom/CharacterDataImpl$1
Event: 110.474 Loading class com/sun/org/apache/xerces/internal/dom/CharacterDataImpl$1 done
Event: 110.478 Loading class org/w3c/dom/Comment
Event: 110.478 Loading class org/w3c/dom/Comment done
Event: 110.718 Loading class sun/nio/cs/US_ASCII$Decoder
Event: 110.718 Loading class sun/nio/cs/US_ASCII$Decoder done
Event: 110.729 Loading class com/sun/org/apache/xerces/internal/dom/DeferredCommentImpl
Event: 110.730 Loading class com/sun/org/apache/xerces/internal/dom/CommentImpl
Event: 110.730 Loading class com/sun/org/apache/xerces/internal/dom/CommentImpl done
Event: 110.730 Loading class com/sun/org/apache/xerces/internal/dom/DeferredCommentImpl done

Classes unloaded (7 events):
Event: 17.215 Thread 0x000001d7228c7a00 Unloading class 0x0000000038749800 '_BuildScript_'
Event: 17.215 Thread 0x000001d7228c7a00 Unloading class 0x0000000038698400 '_BuildScript_$_run_closure1$_closure2$_closure3'
Event: 17.215 Thread 0x000001d7228c7a00 Unloading class 0x00000000386b48f0 '_BuildScript_$_run_closure1$_closure2'
Event: 17.215 Thread 0x000001d7228c7a00 Unloading class 0x00000000386b4500 '_BuildScript_$_run_closure1'
Event: 17.215 Thread 0x000001d7228c7a00 Unloading class 0x00000000386b4000 '_BuildScript_'
Event: 23.742 Thread 0x000001d7228c7a00 Unloading class 0x00000000387d4508 '_BuildScript_$_run_closure1'
Event: 23.742 Thread 0x000001d7228c7a00 Unloading class 0x00000000387d4000 '_BuildScript_'

Classes redefined (0 events):
No events

Internal exceptions (20 events):
Event: 106.832 Thread 0x000001ef293ea420 Exception <a 'sun/nio/fs/WindowsException'{0x00000000854b24a0}> (0x00000000854b24a0) 
thrown [s\open\src\hotspot\share\prims\jni.cpp, line 516]
Event: 106.837 Thread 0x000001ef293ea420 Exception <a 'java/lang/NoSuchMethodError'{0x00000000854ccc28}: 'void java.lang.invoke.DirectMethodHandle$Holder.invokeStatic(java.lang.Object, java.lang.Object, java.lang.Object, java.lang.Object, java.lang.Object, java.lang.Object, java.lang.Object)'> (0x00000000854ccc28) 
thrown [s\open\src\hotspot\share\interpreter\linkResolver.cpp, line 804]
Event: 107.001 Thread 0x000001e7277ded00 Exception <a 'java/lang/NoSuchMethodError'{0x0000000085104f68}: 'void java.lang.invoke.DirectMethodHandle$Holder.invokeStatic(java.lang.Object, java.lang.Object, int)'> (0x0000000085104f68) 
thrown [s\open\src\hotspot\share\interpreter\linkResolver.cpp, line 804]
Event: 107.007 Thread 0x000001e7277ded00 Exception <a 'java/lang/NoSuchMethodError'{0x000000008513a178}: 'void java.lang.invoke.DirectMethodHandle$Holder.invokeStaticInit(java.lang.Object)'> (0x000000008513a178) 
thrown [s\open\src\hotspot\share\interpreter\linkResolver.cpp, line 804]
Event: 107.031 Thread 0x000001e7277ded00 Exception <a 'java/lang/NoSuchMethodError'{0x00000000851640b8}: 'long java.lang.invoke.DirectMethodHandle$Holder.invokeStatic(java.lang.Object, long, long)'> (0x00000000851640b8) 
thrown [s\open\src\hotspot\share\interpreter\linkResolver.cpp, line 804]
Event: 107.121 Thread 0x000001ef29d5d720 Implicit null exception at 0x000001d715f4c61f to 0x000001d715f4c6d6
Event: 107.286 Thread 0x000001ef29d5d720 Exception <a 'java/lang/NoSuchMethodError'{0x0000000084b92898}: 'long java.lang.invoke.DirectMethodHandle$Holder.invokeStatic(java.lang.Object, java.lang.Object)'> (0x0000000084b92898) 
thrown [s\open\src\hotspot\share\interpreter\linkResolver.cpp, line 804]
Event: 107.307 Thread 0x000001ef293ea420 Exception <a 'sun/nio/fs/WindowsException'{0x00000000852d3328}> (0x00000000852d3328) 
thrown [s\open\src\hotspot\share\prims\jni.cpp, line 516]
Event: 107.309 Thread 0x000001ef293ea420 Exception <a 'java/lang/NoSuchMethodError'{0x00000000852e4d68}: 'java.lang.Object java.lang.invoke.DirectMethodHandle$Holder.newInvokeSpecial(java.lang.Object, java.lang.Object, long, java.lang.Object)'> (0x00000000852e4d68) 
thrown [s\open\src\hotspot\share\interpreter\linkResolver.cpp, line 804]
Event: 107.310 Thread 0x000001ef293ea420 Exception <a 'java/lang/NoSuchMethodError'{0x00000000852ee570}: 'java.lang.Object java.lang.invoke.DirectMethodHandle$Holder.invokeSpecial(java.lang.Object, java.lang.Object, java.lang.Object, long, java.lang.Object)'> (0x00000000852ee570) 
thrown [s\open\src\hotspot\share\interpreter\linkResolver.cpp, line 804]
Event: 107.310 Thread 0x000001ef293ea420 Exception <a 'java/lang/NoSuchMethodError'{0x00000000852f7590}: 'java.lang.Object java.lang.invoke.Invokers$Holder.linkToTargetMethod(java.lang.Object, long, java.lang.Object, java.lang.Object)'> (0x00000000852f7590) 
thrown [s\open\src\hotspot\share\interpreter\linkResolver.cpp, line 804]
Event: 107.592 Thread 0x000001ef293ea420 Exception <a 'sun/nio/fs/WindowsException'{0x0000000084a510c0}> (0x0000000084a510c0) 
thrown [s\open\src\hotspot\share\prims\jni.cpp, line 516]
Event: 107.655 Thread 0x000001ef293ea420 Exception <a 'sun/nio/fs/WindowsException'{0x000000008462c7c0}> (0x000000008462c7c0) 
thrown [s\open\src\hotspot\share\prims\jni.cpp, line 516]
Event: 107.716 Thread 0x000001ef293ea420 Exception <a 'sun/nio/fs/WindowsException'{0x0000000084636218}> (0x0000000084636218) 
thrown [s\open\src\hotspot\share\prims\jni.cpp, line 516]
Event: 107.723 Thread 0x000001ef293ea420 Exception <a 'sun/nio/fs/WindowsException'{0x00000000846371c0}> (0x00000000846371c0) 
thrown [s\open\src\hotspot\share\prims\jni.cpp, line 516]
Event: 107.742 Thread 0x000001ef293ea420 Exception <a 'java/lang/NoSuchMethodError'{0x00000000846f8110}: 'long java.lang.invoke.DirectMethodHandle$Holder.invokeStatic(java.lang.Object, java.lang.Object, int)'> (0x00000000846f8110) 
thrown [s\open\src\hotspot\share\interpreter\linkResolver.cpp, line 804]
Event: 107.743 Thread 0x000001ef293ea420 Exception <a 'java/lang/NoSuchMethodError'{0x0000000084509448}: 'long java.lang.invoke.DelegatingMethodHandle$Holder.reinvoke_L(java.lang.Object, java.lang.Object, int)'> (0x0000000084509448) 
thrown [s\open\src\hotspot\share\interpreter\linkResolver.cpp, line 804]
Event: 107.743 Thread 0x000001ef293ea420 Exception <a 'java/lang/NoSuchMethodError'{0x0000000084522528}: 'java.lang.Object java.lang.invoke.DelegatingMethodHandle$Holder.reinvoke_L(java.lang.Object, java.lang.Object, long, java.lang.Object, java.lang.Object, long, java.lang.Object)'> (0x0000000084522528) 
thrown [s\open\src\hotspot\share\interpreter\linkResolver.cpp, line 804]
Event: 107.745 Thread 0x000001ef293ea420 Exception <a 'java/lang/NoSuchMethodError'{0x000000008454fb48}: 'java.lang.Object java.lang.invoke.DelegatingMethodHandle$Holder.reinvoke_L(java.lang.Object, java.lang.Object, java.lang.Object, long, java.lang.Object)'> (0x000000008454fb48) 
thrown [s\open\src\hotspot\share\interpreter\linkResolver.cpp, line 804]
Event: 107.750 Thread 0x000001ef293ea420 Exception <a 'java/lang/NoSuchMethodError'{0x00000000845d75b0}: 'java.lang.Object java.lang.invoke.DelegatingMethodHandle$Holder.reinvoke_L(java.lang.Object, java.lang.Object, java.lang.Object, java.lang.Object, int, java.lang.Object, java.lang.Object, java.lang.Object, java.lang.Object, java.lang.Object, int, java.lang.Object, java.lang.Object, java.lang.Object, java.lang.Object)'> (0x00000000845d75b0) 
thrown [s\open\src\hotspot\share\interpreter\linkResolver.cpp, line 804]

VM Operations (20 events):
Event: 105.186 Executing safepoint VM operation: G1CollectForAllocation (G1 Evacuation Pause)
Event: 105.195 Executing safepoint VM operation: G1CollectForAllocation (G1 Evacuation Pause) done
Event: 105.285 Executing safepoint VM operation: G1PauseRemark
Event: 105.299 Executing safepoint VM operation: G1PauseRemark done
Event: 105.319 Executing safepoint VM operation: G1PauseCleanup
Event: 105.320 Executing safepoint VM operation: G1PauseCleanup done
Event: 106.789 Executing non-safepoint VM operation: HandshakeAllThreads (Deoptimize)
Event: 106.789 Executing non-safepoint VM operation: HandshakeAllThreads (Deoptimize) done
Event: 107.006 Executing non-safepoint VM operation: HandshakeAllThreads (Deoptimize)
Event: 107.006 Executing non-safepoint VM operation: HandshakeAllThreads (Deoptimize) done
Event: 107.307 Executing non-safepoint VM operation: HandshakeAllThreads (Deoptimize)
Event: 107.307 Executing non-safepoint VM operation: HandshakeAllThreads (Deoptimize) done
Event: 107.752 Executing safepoint VM operation: G1CollectForAllocation (G1 Evacuation Pause)
Event: 107.761 Executing safepoint VM operation: G1CollectForAllocation (G1 Evacuation Pause) done
Event: 107.821 Executing non-safepoint VM operation: HandshakeAllThreads (Deoptimize)
Event: 107.821 Executing non-safepoint VM operation: HandshakeAllThreads (Deoptimize) done
Event: 108.037 Executing non-safepoint VM operation: HandshakeAllThreads (Deoptimize)
Event: 108.037 Executing non-safepoint VM operation: HandshakeAllThreads (Deoptimize) done
Event: 109.443 Executing non-safepoint VM operation: HandshakeAllThreads (Deoptimize)
Event: 109.443 Executing non-safepoint VM operation: HandshakeAllThreads (Deoptimize) done

Memory protections (0 events):
No events

Nmethod flushes (20 events):
Event: 105.297 Thread 0x000001d7228c7a00 flushing  nmethod 0x000001d70f638508
Event: 105.297 Thread 0x000001d7228c7a00 flushing  nmethod 0x000001d70f650088
Event: 105.297 Thread 0x000001d7228c7a00 flushing  nmethod 0x000001d70f653888
Event: 105.297 Thread 0x000001d7228c7a00 flushing  nmethod 0x000001d715f17988
Event: 105.297 Thread 0x000001d7228c7a00 flushing  nmethod 0x000001d70e49e508
Event: 105.297 Thread 0x000001d7228c7a00 flushing  nmethod 0x000001d70e557708
Event: 105.297 Thread 0x000001d7228c7a00 flushing  nmethod 0x000001d70e3d4d08
Event: 105.297 Thread 0x000001d7228c7a00 flushing  nmethod 0x000001d70e3d8c08
Event: 105.297 Thread 0x000001d7228c7a00 flushing  nmethod 0x000001d70e40b208
Event: 105.297 Thread 0x000001d7228c7a00 flushing  nmethod 0x000001d70e411988
Event: 105.297 Thread 0x000001d7228c7a00 flushing  nmethod 0x000001d70e84bf88
Event: 105.297 Thread 0x000001d7228c7a00 flushing  nmethod 0x000001d70ea03388
Event: 105.297 Thread 0x000001d7228c7a00 flushing  nmethod 0x000001d70eee8988
Event: 105.297 Thread 0x000001d7228c7a00 flushing  nmethod 0x000001d70eee9588
Event: 105.297 Thread 0x000001d7228c7a00 flushing  nmethod 0x000001d70ef53408
Event: 105.297 Thread 0x000001d7228c7a00 flushing  nmethod 0x000001d70e607108
Event: 105.297 Thread 0x000001d7228c7a00 flushing  nmethod 0x000001d70e607a88
Event: 105.297 Thread 0x000001d7228c7a00 flushing  nmethod 0x000001d70e608c08
Event: 105.297 Thread 0x000001d7228c7a00 flushing  nmethod 0x000001d70e694608
Event: 105.297 Thread 0x000001d7228c7a00 flushing  nmethod 0x000001d70e698388

Events (20 events):
Event: 107.010 Thread 0x000001e7277ded00 Thread added: 0x000001ef29d5d720
Event: 107.038 Thread 0x000001e7277ded00 Thread added: 0x000001ef29d5b7e0
Event: 107.514 Thread 0x000001e72788f160 Thread exited: 0x000001e72788f160
Event: 107.823 Thread 0x000001ef293ea420 Thread added: 0x000001ef29d5c780
Event: 107.824 Thread 0x000001ef293ea420 Thread added: 0x000001ef29d5a070
Event: 107.910 Thread 0x000001ef29d5c780 Thread exited: 0x000001ef29d5c780
Event: 107.942 Thread 0x000001ef29d5a070 Thread exited: 0x000001ef29d5a070
Event: 108.073 Thread 0x000001ef293ea420 Thread added: 0x000001ef29d5a070
Event: 108.073 Thread 0x000001ef293ea420 Thread added: 0x000001ef29d5cf50
Event: 108.073 Thread 0x000001ef293ea420 Thread added: 0x000001ef29d5fe30
Event: 108.073 Thread 0x000001ef293ea420 Thread added: 0x000001ef29d5e6c0
Event: 109.435 Thread 0x000001e72788c100 Thread exited: 0x000001e72788c100
Event: 110.464 Thread 0x000001d7228f3e20 Thread added: 0x000001d7008cfa10
Event: 115.222 Thread 0x000001d7008cfa10 Thread exited: 0x000001d7008cfa10
Event: 117.730 Thread 0x000001ef293ea420 Thread added: 0x000001ef29d60dd0
Event: 117.730 Thread 0x000001ef293ea420 Thread added: 0x000001ef297b4e00
Event: 117.731 Thread 0x000001ef29d5d720 Thread added: 0x000001ef297b3690
Event: 117.731 Thread 0x000001ef29d5b7e0 Thread added: 0x000001ef297b2ec0
Event: 117.731 Thread 0x000001ef29d60dd0 Thread added: 0x000001ef297b6d40
Event: 117.738 Thread 0x000001ef29d5d720 Thread added: 0x000001ef297b7510


Dynamic libraries:
0x00007ff607d80000 - 0x00007ff607d90000 	C:\Program Files\graalvm-jdk-25.0.3+9.1\bin\java.exe
0x00007ffe7e8a0000 - 0x00007ffe7eb06000 	C:\WINDOWS\SYSTEM32\ntdll.dll
0x00007ffe7d8a0000 - 0x00007ffe7d969000 	C:\WINDOWS\System32\KERNEL32.DLL
0x00007ffe7bf30000 - 0x00007ffe7c330000 	C:\WINDOWS\System32\KERNELBASE.dll
0x00007ffe7c340000 - 0x00007ffe7c48c000 	C:\WINDOWS\System32\ucrtbase.dll
0x00007ffe65050000 - 0x00007ffe65067000 	C:\Program Files\graalvm-jdk-25.0.3+9.1\bin\jli.dll
0x00007ffe611b0000 - 0x00007ffe611ce000 	C:\Program Files\graalvm-jdk-25.0.3+9.1\bin\VCRUNTIME140.dll
0x00007ffe7c740000 - 0x00007ffe7c907000 	C:\WINDOWS\System32\USER32.dll
0x00007ffe7bf00000 - 0x00007ffe7bf27000 	C:\WINDOWS\System32\win32u.dll
0x00007ffe7cf70000 - 0x00007ffe7cf9b000 	C:\WINDOWS\System32\GDI32.dll
0x00007ffe7c4a0000 - 0x00007ffe7c5c9000 	C:\WINDOWS\System32\gdi32full.dll
0x00007ffe7bac0000 - 0x00007ffe7bb63000 	C:\WINDOWS\System32\msvcp_win.dll
0x00007ffe582a0000 - 0x00007ffe58532000 	C:\WINDOWS\WinSxS\amd64_microsoft.windows.common-controls_6595b64144ccf1df_6.0.26100.8737_none_3e092eaee333b772\COMCTL32.dll
0x00007ffe7c690000 - 0x00007ffe7c739000 	C:\WINDOWS\System32\msvcrt.dll
0x00007ffe7e190000 - 0x00007ffe7e1c2000 	C:\WINDOWS\System32\IMM32.DLL
0x00007ffe76a40000 - 0x00007ffe76a4c000 	C:\Program Files\graalvm-jdk-25.0.3+9.1\bin\vcruntime140_1.dll
0x00007ffe4fa10000 - 0x00007ffe4fa9d000 	C:\Program Files\graalvm-jdk-25.0.3+9.1\bin\msvcp140.dll
0x00007ffdc4490000 - 0x00007ffdc53be000 	C:\Program Files\graalvm-jdk-25.0.3+9.1\bin\server\jvm.dll
0x00007ffe7c5d0000 - 0x00007ffe7c687000 	C:\WINDOWS\System32\ADVAPI32.dll
0x00007ffe7e7b0000 - 0x00007ffe7e85a000 	C:\WINDOWS\System32\sechost.dll
0x00007ffe7ca10000 - 0x00007ffe7cb28000 	C:\WINDOWS\System32\RPCRT4.dll
0x00007ffe7cd30000 - 0x00007ffe7cdb0000 	C:\WINDOWS\System32\WS2_32.dll
0x00007ffe7b920000 - 0x00007ffe7b97e000 	C:\WINDOWS\SYSTEM32\POWRPROF.dll
0x00007ffe5f820000 - 0x00007ffe5f856000 	C:\WINDOWS\SYSTEM32\WINMM.dll
0x00007ffe71960000 - 0x00007ffe7196b000 	C:\WINDOWS\SYSTEM32\VERSION.dll
0x00007ffe7b900000 - 0x00007ffe7b914000 	C:\WINDOWS\SYSTEM32\UMPDC.dll
0x00007ffe7a7a0000 - 0x00007ffe7a7bb000 	C:\WINDOWS\SYSTEM32\kernel.appcore.dll
0x00007ffe76a20000 - 0x00007ffe76a2a000 	C:\Program Files\graalvm-jdk-25.0.3+9.1\bin\jimage.dll
0x00007ffe78eb0000 - 0x00007ffe790f2000 	C:\WINDOWS\SYSTEM32\DBGHELP.DLL
0x00007ffe7e240000 - 0x00007ffe7e5c3000 	C:\WINDOWS\System32\combase.dll
0x00007ffe7d970000 - 0x00007ffe7da49000 	C:\WINDOWS\System32\OLEAUT32.dll
0x00007ffe509a0000 - 0x00007ffe509db000 	C:\WINDOWS\SYSTEM32\dbgcore.DLL
0x00007ffe7bcf0000 - 0x00007ffe7bd9c000 	C:\WINDOWS\System32\bcryptPrimitives.dll
0x00007ffe74200000 - 0x00007ffe74210000 	C:\Program Files\graalvm-jdk-25.0.3+9.1\bin\instrument.dll
0x00007ffe61190000 - 0x00007ffe611af000 	C:\Program Files\graalvm-jdk-25.0.3+9.1\bin\java.dll
0x00007ffe7cdd0000 - 0x00007ffe7cf69000 	C:\WINDOWS\System32\ole32.dll
0x00007ffe7d030000 - 0x00007ffe7d7c2000 	C:\WINDOWS\System32\SHELL32.dll
0x00007ffe79530000 - 0x00007ffe79dc2000 	C:\WINDOWS\SYSTEM32\windows.storage.dll
0x00007ffe7cbb0000 - 0x00007ffe7cca7000 	C:\WINDOWS\System32\SHCORE.dll
0x00007ffe7e1d0000 - 0x00007ffe7e237000 	C:\WINDOWS\System32\shlwapi.dll
0x00007ffe7b9e0000 - 0x00007ffe7ba09000 	C:\WINDOWS\SYSTEM32\profapi.dll
0x00007ffdbf780000 - 0x00007ffdc2175000 	C:\Program Files\graalvm-jdk-25.0.3+9.1\bin\jvmcicompiler.dll
0x00007ffe7dee0000 - 0x00007ffe7dee8000 	C:\WINDOWS\System32\PSAPI.DLL
0x00007ffe7bb70000 - 0x00007ffe7bce8000 	C:\WINDOWS\System32\CRYPT32.dll
0x00007ffe7ae10000 - 0x00007ffe7ae42000 	C:\WINDOWS\SYSTEM32\USERENV.dll
0x00007ffe7b290000 - 0x00007ffe7b2c0000 	C:\WINDOWS\SYSTEM32\ncrypt.dll
0x00007ffe7a180000 - 0x00007ffe7a1b3000 	C:\WINDOWS\SYSTEM32\IPHLPAPI.DLL
0x00007ffe7ad50000 - 0x00007ffe7adbc000 	C:\WINDOWS\SYSTEM32\MSWSOCK.dll
0x00007ffe7b240000 - 0x00007ffe7b27f000 	C:\WINDOWS\SYSTEM32\NTASN1.dll
0x00007ffe5e3e0000 - 0x00007ffe5e3f7000 	C:\Program Files\graalvm-jdk-25.0.3+9.1\bin\zip.dll
0x00007ffe61170000 - 0x00007ffe61182000 	C:\Program Files\graalvm-jdk-25.0.3+9.1\bin\net.dll
0x00007ffe610a0000 - 0x00007ffe610b6000 	C:\Program Files\graalvm-jdk-25.0.3+9.1\bin\nio.dll
0x00007ffe4f1e0000 - 0x00007ffe4f1f0000 	C:\Program Files\graalvm-jdk-25.0.3+9.1\bin\verify.dll
0x00007ffe64dc0000 - 0x00007ffe64de7000 	C:\Users\uesr\.gradle\native\660c5614fbf4a5f2a75b1949f50a0caf5cd603558e7d8a26e50b933a0cfb79d1\windows-amd64\native-platform.dll
0x00007ffe561d0000 - 0x00007ffe56247000 	C:\Users\uesr\.gradle\native\0.2.8\x86_64-windows-gnu\gradle-fileevents.dll
0x00007ffe6a070000 - 0x00007ffe6a07a000 	C:\Program Files\graalvm-jdk-25.0.3+9.1\bin\management.dll
0x00007ffe625f0000 - 0x00007ffe625fc000 	C:\Program Files\graalvm-jdk-25.0.3+9.1\bin\management_ext.dll
0x00007ffe7d7d0000 - 0x00007ffe7d7da000 	C:\WINDOWS\System32\NSI.dll
0x00007ffe5e3b0000 - 0x00007ffe5e3b9000 	C:\Program Files\graalvm-jdk-25.0.3+9.1\bin\extnet.dll
0x00007ffe7b050000 - 0x00007ffe7b06b000 	C:\WINDOWS\SYSTEM32\CRYPTSP.dll
0x00007ffe7a700000 - 0x00007ffe7a739000 	C:\WINDOWS\system32\rsaenh.dll
0x00007ffe7b9b0000 - 0x00007ffe7b9da000 	C:\WINDOWS\SYSTEM32\bcrypt.dll
0x00007ffe7b070000 - 0x00007ffe7b07c000 	C:\WINDOWS\SYSTEM32\CRYPTBASE.dll
0x00007ffe61090000 - 0x00007ffe6109e000 	C:\Program Files\graalvm-jdk-25.0.3+9.1\bin\sunmscapi.dll
0x00007ffe71070000 - 0x00007ffe71078000 	C:\WINDOWS\system32\wshunix.dll
0x00007ffe7a220000 - 0x00007ffe7a375000 	C:\WINDOWS\SYSTEM32\DNSAPI.dll
0x00007ffe7ab30000 - 0x00007ffe7ab3d000 	C:\WINDOWS\SYSTEM32\DSPARSE.dll
0x00007ffe74ee0000 - 0x00007ffe74eeb000 	C:\Windows\System32\rasadhlp.dll
0x00007ffe75850000 - 0x00007ffe758d6000 	C:\WINDOWS\System32\fwpuclnt.dll

JVMTI agents:
C:\Users\uesr\.gradle\wrapper\dists\gradle-9.5.0-bin\bvnork1r7n8i6kp5cnkibsc9q\gradle-9.5.0\lib\agents\gradle-instrumentation-agent-9.5.0.jar path:C:\Program Files\graalvm-jdk-25.0.3+9.1\bin\instrument.dll, loaded, initialized, instrumentlib options:none

dbghelp: loaded successfully - version: 4.0.5 - missing functions: none
symbol engine: initialized successfully - sym options: 0x614 - pdb path: .;C:\Program Files\graalvm-jdk-25.0.3+9.1\bin;C:\WINDOWS\SYSTEM32;C:\WINDOWS\WinSxS\amd64_microsoft.windows.common-controls_6595b64144ccf1df_6.0.26100.8737_none_3e092eaee333b772;C:\Program Files\graalvm-jdk-25.0.3+9.1\bin\server;C:\Users\uesr\.gradle\native\660c5614fbf4a5f2a75b1949f50a0caf5cd603558e7d8a26e50b933a0cfb79d1\windows-amd64;C:\Users\uesr\.gradle\native\0.2.8\x86_64-windows-gnu

VM Arguments:
jvm_args: -XX:ThreadPriorityPolicy=1 -XX:+UnlockExperimentalVMOptions -XX:+EnableJVMCIProduct -XX:+EnableJVMCI -XX:-UnlockExperimentalVMOptions --add-opens=java.base/java.lang=ALL-UNNAMED --add-opens=java.base/java.lang.invoke=ALL-UNNAMED --add-opens=java.base/java.util=ALL-UNNAMED --add-opens=java.prefs/java.util.prefs=ALL-UNNAMED --add-exports=jdk.compiler/com.sun.tools.javac.api=ALL-UNNAMED --add-exports=jdk.compiler/com.sun.tools.javac.util=ALL-UNNAMED --add-opens=java.base/java.nio.charset=ALL-UNNAMED --add-opens=java.base/java.net=ALL-UNNAMED --add-opens=java.base/java.util.concurrent=ALL-UNNAMED --add-opens=java.base/java.util.concurrent.atomic=ALL-UNNAMED --add-opens=java.xml/javax.xml.namespace=ALL-UNNAMED --add-opens=java.base/java.time=ALL-UNNAMED --enable-native-access=ALL-UNNAMED -Xmx2G -Dfile.encoding=UTF-8 -Duser.country=TW -Duser.language=zh -Duser.variant -javaagent:C:\Users\uesr\.gradle\wrapper\dists\gradle-9.5.0-bin\bvnork1r7n8i6kp5cnkibsc9q\gradle-9.5.0\lib\agents\gradle-instrumentation-agent-9.5.0.jar 
java_command: org.gradle.launcher.daemon.bootstrap.GradleDaemon 9.5.0
java_class_path (initial): C:\Users\uesr\.gradle\wrapper\dists\gradle-9.5.0-bin\bvnork1r7n8i6kp5cnkibsc9q\gradle-9.5.0\lib\gradle-daemon-main-9.5.0.jar
Launcher Type: SUN_STANDARD

[Global flags]
     intx CICompilerCount                          = 4                                         {product} {ergonomic}
     uint ConcGCThreads                            = 2                                         {product} {ergonomic}
     bool EagerJVMCI                               = true                                {JVMCI product} {ergonomic}
     bool EnableJVMCI                              = true                                {JVMCI product} {jimage}
     bool EnableJVMCIProduct                       = true                                {JVMCI product} {jimage}
     uint G1ConcRefinementThreads                  = 8                                         {product} {ergonomic}
   size_t G1HeapRegionSize                         = 1048576                                   {product} {ergonomic}
   size_t InitialHeapSize                          = 199229440                                 {product} {ergonomic}
   size_t MarkStackSize                            = 4194304                                   {product} {ergonomic}
   size_t MarkStackSizeMax                         = 536870912                                 {product} {ergonomic}
   size_t MaxHeapSize                              = 2147483648                                {product} {command line}
   size_t MaxNewSize                               = 1287651328                                {product} {ergonomic}
   size_t MinHeapDeltaBytes                        = 1048576                                   {product} {ergonomic}
   size_t MinHeapSize                              = 8388608                                   {product} {ergonomic}
    uintx NonNMethodCodeHeapSize                   = 6356992                                {pd product} {ergonomic}
    uintx NonProfiledCodeHeapSize                  = 122683392                              {pd product} {ergonomic}
    uintx ProfiledCodeHeapSize                     = 122617856                              {pd product} {ergonomic}
    uintx ReservedCodeCacheSize                    = 251658240                              {pd product} {ergonomic}
     bool SegmentedCodeCache                       = true                                      {product} {ergonomic}
   size_t SoftMaxHeapSize                          = 2147483648                             {manageable} {ergonomic}
      int ThreadPriorityPolicy                     = 1                                         {product} {jimage}
     bool UseCompressedOops                        = true                           {product lp64_product} {ergonomic}
     bool UseG1GC                                  = true                                      {product} {ergonomic}
     bool UseLargePagesIndividualAllocation        = false                                  {pd product} {ergonomic}

Logging:
Log output configuration:
 #0: stdout all=warning uptime,level,tags foldmultilines=false
 #1: stderr all=off uptime,level,tags foldmultilines=false

Release file:
IMPLEMENTOR="Oracle Corporation" 
JAVA_RUNTIME_VERSION="25.0.3+9-LTS-jvmci-b01" 
JAVA_VERSION="25.0.3" 
JAVA_VERSION_DATE="2026-04-21" 
LIBC="default" 
MODULES="java.base java.logging java.management jdk.internal.vm.ci org.graalvm.collections jdk.management jdk.unsupported org.graalvm.truffle.compiler org.graalvm.word jdk.graal.compiler com.oracle.graal.graal_enterprise org.graalvm.nativeimage com.oracle.svm.enterprise.truffle java.compiler java.datatransfer java.xml java.prefs java.desktop java.instrument java.security.sasl java.naming java.rmi java.management.rmi java.net.http java.scripting java.security.jgss java.transaction.xa java.sql java.sql.rowset java.xml.crypto java.se java.smartcardio jdk.accessibility jdk.internal.jvmstat jdk.attach jdk.charsets jdk.internal.opt jdk.zipfs jdk.compiler jdk.crypto.cryptoki jdk.crypto.ec jdk.crypto.mscapi jdk.dynalink jdk.internal.ed jdk.editpad jdk.graal.compiler.management jdk.hotspot.agent jdk.httpserver jdk.incubator.vector jdk.internal.le jdk.internal.md jdk.jartool jdk.javadoc jdk.jcmd jdk.management.agent jdk.jconsole jdk.jdeps jdk.jdwp.agent jdk.jdi jdk.jfr jdk.jlink jdk.jpackage jdk.jshell jdk.jsobject jdk.jstatd jdk.localedata jdk.management.jfr jdk.naming.dns jdk.naming.rmi jdk.net jdk.nio.mapmode jdk.sctp jdk.security.auth jdk.security.jgss jdk.unsupported.desktop jdk.xml.dom org.graalvm.nativeimage.libgraal org.graalvm.nativeimage.llvm org.graalvm.webimage.api" 
OS_ARCH="x86_64" 
OS_NAME="Windows" 
SOURCE=".:git:c9f738907b12 open:git:79cf603a8318 labsjdk-builder:ba23eb0c17cf6fc454734f865d00797377c47245 compiler:dbf49c84828af03fa88021e71d4ebcf37a78356d espresso-shared:dbf49c84828af03fa88021e71d4ebcf37a78356d graal-enterprise:c1a29f5a70620f2df4ba3de8d5f44420169dcb7c lium:c1a29f5a70620f2df4ba3de8d5f44420169dcb7c regex:dbf49c84828af03fa88021e71d4ebcf37a78356d reporter:c1a29f5a70620f2df4ba3de8d5f44420169dcb7c sdk:dbf49c84828af03fa88021e71d4ebcf37a78356d substratevm:dbf49c84828af03fa88021e71d4ebcf37a78356d substra
Environment Variables:
JAVA_HOME=C:\Program Files\graalvm-jdk-25.0.3+9.1
CLASSPATH=C:\Users\uesr\Downloads\meteor-stashhunting-addon-1.21.11\meteor-stashhunting-addon-1.21.11\\gradle\wrapper\gradle-wrapper.jar
PATH=C:\msys64\mingw64\bin;C:\Users\uesr\AppData\Local\Programs\Python\Python314\Scripts\;C:\Users\uesr\AppData\Local\Programs\Python\Python314\;C:\Users\uesr\AppData\Local\Programs\Python\Launcher\;C:\Users\uesr\AppData\Local\Programs\Eclipse Adoptium\jdk-23.0.2.7-hotspot\bin;C:\Users\uesr\AppData\Local\Microsoft\WindowsApps;C:\Program Files\CMake\bin;C:\Gradle\gradle-8.13\bin;C:\Users\uesr\AppData\Local\PowerToys\DSCModules\;C:\Users\uesr\AppData\Local\GitHubDesktop\bin;C:\Users\uesr\.dotnet\tools;C:\Users\uesr\AppData\Local\Python\bin;C:\mingw64\bin;C:\msys64\mingw64\bin;
USERNAME=uesr
OS=Windows_NT
PROCESSOR_IDENTIFIER=Intel64 Family 6 Model 140 Stepping 1, GenuineIntel
TMP=C:\Users\uesr\AppData\Local\Temp
TEMP=C:\Users\uesr\AppData\Local\Temp




Compilation memory statistics disabled.

Periodic native trim disabled

---------------  S Y S T E M  ---------------

OS:
 Windows 11 , 64 bit Build 26100 (10.0.26100.8737)
OS uptime: 6 days 19:56 hours
Hyper-V role detected

CPU: total 8 (initial active 8) (4 cores per cpu, 2 threads per core) family 6 model 140 stepping 1 microcode 0xb8, cx8, cmov, fxsr, ht, mmx, 3dnowpref, sse, sse2, sse3, ssse3, sse4.1, sse4.2, popcnt, lzcnt, tsc, tscinvbit, avx, avx2, aes, erms, clmul, bmi1, bmi2, adx, avx512f, avx512dq, avx512cd, avx512bw, avx512vl, sha, fma, vzeroupper, avx512_vpopcntdq, avx512_vpclmulqdq, avx512_vaes, avx512_vnni, clflush, clflushopt, clwb, avx512_vbmi2, avx512_vbmi, hv, rdtscp, rdpid, fsrm, gfni, avx512_bitalg, f16c, cet_ibt, cet_ss, avx512_ifma
Processor Information for the first 8 processors :
  Max Mhz: 3110, Current Mhz: 3110, Mhz Limit: 3110

Memory: 4k page, system-wide physical 12033M (350M free)
TotalPageFile size 26023M (AvailPageFile size 0M)
current process WorkingSet (physical memory assigned to process): 333M, peak: 427M
current process commit charge ("private bytes"): 440M, peak: 473M

vm_info: Java HotSpot(TM) 64-Bit Server VM (25.0.3+9-LTS-jvmci-b01) for windows-amd64 JRE (25.0.3+9-LTS-jvmci-b01), built on 2026-03-11T13:02:39Z with MS VC++ 17.13 (VS2022)

END.
